Component: ARM Compiler 5.06 update 6 (build 750) Tool: armlink [4d35ed]

==============================================================================

Section Cross References

    main.o(i.HandleMQTTMessage) refers to printfa.o(i.__0printf) for __2printf
    main.o(i.HandleMQTTMessage) refers to main.o(i.parse_json_message) for parse_json_message
    main.o(i.LedHandler) refers to strcmp.o(.text) for strcmp
    main.o(i.LedHandler) refers to led.o(i.LED_ON) for LED_ON
    main.o(i.LedHandler) refers to printfa.o(i.__0printf) for __2printf
    main.o(i.LedHandler) refers to led.o(i.LED_OFF) for LED_OFF
    main.o(i.MotorHandler) refers to strcmp.o(.text) for strcmp
    main.o(i.MotorHandler) refers to stm32f10x_tim.o(i.TIM_SetCompare2) for TIM_SetCompare2
    main.o(i.MotorHandler) refers to printfa.o(i.__0printf) for __2printf
    main.o(i.ProcessWiFiData) refers to _scanf_str.o(.text) for _scanf_string
    main.o(i.ProcessWiFiData) refers to printfa.o(i.__0printf) for __2printf
    main.o(i.ProcessWiFiData) refers to strstr.o(.text) for strstr
    main.o(i.ProcessWiFiData) refers to strchr.o(.text) for strchr
    main.o(i.ProcessWiFiData) refers to memseta.o(.text) for __aeabi_memclr4
    main.o(i.ProcessWiFiData) refers to __0sscanf.o(.text) for __0sscanf
    main.o(i.ProcessWiFiData) refers to main.o(i.HandleMQTTMessage) for HandleMQTTMessage
    main.o(i.data_pros) refers to dht11.o(i.DHT11_Read_Data) for DHT11_Read_Data
    main.o(i.data_pros) refers to printfa.o(i.__0printf) for __2printf
    main.o(i.data_pros) refers to wifi_function.o(i.ESP8266_MQTT_Public_key_Value) for ESP8266_MQTT_Public_key_Value
    main.o(i.data_pros) refers to main.o(.data) for topic_id
    main.o(i.main) refers to systick.o(i.SysTick_Init) for SysTick_Init
    main.o(i.main) refers to misc.o(i.NVIC_PriorityGroupConfig) for NVIC_PriorityGroupConfig
    main.o(i.main) refers to usart.o(i.USART1_Init) for USART1_Init
    main.o(i.main) refers to led.o(i.LED_Init) for LED_Init
    main.o(i.main) refers to wifi_config.o(i.WiFi_Config) for WiFi_Config
    main.o(i.main) refers to printfa.o(i.__0printf) for __2printf
    main.o(i.main) refers to wifi_function.o(i.ESP8266_STA_TCP_Client_MQTT) for ESP8266_STA_TCP_Client_MQTT
    main.o(i.main) refers to wifi_function.o(i.ESP8266_Set_MQTT_Sub) for ESP8266_Set_MQTT_Sub
    main.o(i.main) refers to wifi_function.o(i.ESP8266_MQTT_Public_key_Value) for ESP8266_MQTT_Public_key_Value
    main.o(i.main) refers to systick.o(i.delay_ms) for delay_ms
    main.o(i.main) refers to dht11.o(i.DHT11_Init) for DHT11_Init
    main.o(i.main) refers to pwm.o(i.TIM3_CH2_PWM_Init) for TIM3_CH2_PWM_Init
    main.o(i.main) refers to stm32f10x_tim.o(i.TIM_SetCompare2) for TIM_SetCompare2
    main.o(i.main) refers to memcpya.o(.text) for __aeabi_memcpy
    main.o(i.main) refers to main.o(i.ProcessWiFiData) for ProcessWiFiData
    main.o(i.main) refers to main.o(i.data_pros) for data_pros
    main.o(i.main) refers to main.o(.data) for sub_topic_id
    main.o(i.main) refers to wifi_config.o(.bss) for strEsp8266_Fram_Record
    main.o(i.main) refers to main.o(.bss) for wifi_rx_buffer
    main.o(i.parse_json_message) refers to printfa.o(i.__0printf) for __2printf
    main.o(i.parse_json_message) refers to cjson.o(i.cJSON_Parse) for cJSON_Parse
    main.o(i.parse_json_message) refers to cjson.o(i.cJSON_GetErrorPtr) for cJSON_GetErrorPtr
    main.o(i.parse_json_message) refers to strcmp.o(.text) for strcmp
    main.o(i.parse_json_message) refers to cjson.o(i.cJSON_Delete) for cJSON_Delete
    main.o(i.parse_json_message) refers to main.o(.data) for device_handlers
    main.o(.data) refers to main.o(.conststring) for .conststring
    main.o(.data) refers to main.o(i.LedHandler) for LedHandler
    main.o(.data) refers to main.o(i.MotorHandler) for MotorHandler
    startup_stm32f10x_hd.o(RESET) refers to startup_stm32f10x_hd.o(STACK) for __initial_sp
    startup_stm32f10x_hd.o(RESET) refers to startup_stm32f10x_hd.o(.text) for Reset_Handler
    startup_stm32f10x_hd.o(RESET) refers to stm32f10x_it.o(i.NMI_Handler) for NMI_Handler
    startup_stm32f10x_hd.o(RESET) refers to stm32f10x_it.o(i.HardFault_Handler) for HardFault_Handler
    startup_stm32f10x_hd.o(RESET) refers to stm32f10x_it.o(i.MemManage_Handler) for MemManage_Handler
    startup_stm32f10x_hd.o(RESET) refers to stm32f10x_it.o(i.BusFault_Handler) for BusFault_Handler
    startup_stm32f10x_hd.o(RESET) refers to stm32f10x_it.o(i.UsageFault_Handler) for UsageFault_Handler
    startup_stm32f10x_hd.o(RESET) refers to stm32f10x_it.o(i.SVC_Handler) for SVC_Handler
    startup_stm32f10x_hd.o(RESET) refers to stm32f10x_it.o(i.DebugMon_Handler) for DebugMon_Handler
    startup_stm32f10x_hd.o(RESET) refers to stm32f10x_it.o(i.PendSV_Handler) for PendSV_Handler
    startup_stm32f10x_hd.o(RESET) refers to stm32f10x_it.o(i.SysTick_Handler) for SysTick_Handler
    startup_stm32f10x_hd.o(RESET) refers to usart.o(i.USART1_IRQHandler) for USART1_IRQHandler
[...]
    Removing tftlcd.o(i.TFTLCD_FSMC_Init), (126 bytes).
    Removing tftlcd.o(i.TFTLCD_GPIO_Init), (152 bytes).
    Removing tftlcd.o(i.TFTLCD_Init), (596 bytes).
    Removing tftlcd.o(.constdata), (18712 bytes).
    Removing tftlcd.o(.data), (12 bytes).
    Removing system.o(i.INTX_DISABLE), (4 bytes).
    Removing system.o(i.INTX_ENABLE), (4 bytes).
    Removing usart.o(i.fgetc), (32 bytes).
    Removing wifi_function.o(i.ESP8266_AP_TCP_Server), (460 bytes).
    Removing wifi_function.o(i.ESP8266_BuildAP), (72 bytes).
    Removing wifi_function.o(i.ESP8266_Cmd_Json), (172 bytes).
    Removing wifi_function.o(i.ESP8266_Enable_MultipleId), (64 bytes).
    Removing wifi_function.o(i.ESP8266_Link_Server), (192 bytes).
    Removing wifi_function.o(i.ESP8266_Public_MQTT_Message), (96 bytes).
    Removing wifi_function.o(i.ESP8266_ReceiveString), (116 bytes).
    Removing wifi_function.o(i.ESP8266_STA_TCP_Client), (444 bytes).
    Removing wifi_function.o(i.ESP8266_STA_TCP_Client_Single), (552 bytes).
    Removing wifi_function.o(i.ESP8266_SendString), (116 bytes).
    Removing wifi_function.o(i.ESP8266_Set_MQTT_Public), (112 bytes).
    Removing wifi_function.o(i.ESP8266_Set_MQTT_Public_JSON), (108 bytes).
    Removing wifi_function.o(i.ESP8266_StaTcpClient_ApTcpServer), (768 bytes).
    Removing wifi_function.o(i.ESP8266_StartOrShutServer), (144 bytes).
    Removing wifi_function.o(i.ESP8266_UnvarnishSend), (84 bytes).
    Removing wifi_function.o(.bss), (256 bytes).
    Removing wifi_function.o(.conststring), (1781 bytes).
    Removing wifi_function.o(.data), (1 bytes).
    Removing cjson.o(i.cJSON_AddItemReferenceToArray), (24 bytes).
    Removing cjson.o(i.cJSON_AddItemReferenceToObject), (32 bytes).
    Removing cjson.o(i.cJSON_AddItemToArray), (42 bytes).
    Removing cjson.o(i.cJSON_AddItemToObject), (48 bytes).
    Removing cjson.o(i.cJSON_AddItemToObjectCS), (60 bytes).
    Removing cjson.o(i.cJSON_CreateArray), (18 bytes).
    Removing cjson.o(i.cJSON_CreateBool), (26 bytes).
    Removing cjson.o(i.cJSON_CreateDoubleArray), (68 bytes).
    Removing cjson.o(i.cJSON_CreateFalse), (18 bytes).
    Removing cjson.o(i.cJSON_CreateFloatArray), (68 bytes).
    Removing cjson.o(i.cJSON_CreateIntArray), (68 bytes).
    Removing cjson.o(i.cJSON_CreateNull), (18 bytes).
    Removing cjson.o(i.cJSON_CreateNumber), (36 bytes).
    Removing cjson.o(i.cJSON_CreateObject), (18 bytes).
    Removing cjson.o(i.cJSON_CreateString), (28 bytes).
    Removing cjson.o(i.cJSON_CreateStringArray), (62 bytes).
    Removing cjson.o(i.cJSON_CreateTrue), (18 bytes).
    Removing cjson.o(i.cJSON_DeleteItemFromArray), (22 bytes).
    Removing cjson.o(i.cJSON_DeleteItemFromObject), (22 bytes).
    Removing cjson.o(i.cJSON_DetachItemFromArray), (66 bytes).
    Removing cjson.o(i.cJSON_DetachItemFromObject), (50 bytes).
    Removing cjson.o(i.cJSON_Duplicate), (172 bytes).
    Removing cjson.o(i.cJSON_GetArrayItem), (18 bytes).
    Removing cjson.o(i.cJSON_GetArraySize), (18 bytes).
    Removing cjson.o(i.cJSON_GetObjectItem), (30 bytes).
    Removing cjson.o(i.cJSON_InitHooks), (64 bytes).
    Removing cjson.o(i.cJSON_InsertItemInArray), (64 bytes).
    Removing cjson.o(i.cJSON_Minify), (186 bytes).
    Removing cjson.o(i.cJSON_Print), (18 bytes).
    Removing cjson.o(i.cJSON_PrintBuffered), (44 bytes).
    Removing cjson.o(i.cJSON_PrintUnformatted), (18 bytes).
    Removing cjson.o(i.cJSON_ReplaceItemInArray), (76 bytes).
    Removing cjson.o(i.cJSON_ReplaceItemInObject), (62 bytes).
    Removing cjson.o(i.cJSON_strcasecmp), (76 bytes).
    Removing cjson.o(i.cJSON_strdup), (44 bytes).
    Removing cjson.o(i.create_reference), (48 bytes).
    Removing cjson.o(i.ensure), (112 bytes).
    Removing cjson.o(i.pow2gt), (28 bytes).
    Removing cjson.o(i.print_array), (592 bytes).
    Removing cjson.o(i.print_number), (408 bytes).
    Removing cjson.o(i.print_object), (1048 bytes).
    Removing cjson.o(i.print_string), (16 bytes).
    Removing cjson.o(i.print_string_ptr), (468 bytes).
    Removing cjson.o(i.print_value), (304 bytes).
    Removing cjson.o(i.suffix_object), (6 bytes).
    Removing cjson.o(i.update), (32 bytes).
    Removing dfltui.o(.text), (26 bytes).
    Removing dfixui.o(.text), (50 bytes).
    Removing f2d.o(.text), (38 bytes).
    Removing cdcmple.o(.text), (48 bytes).

441 unused section(s) (total 46592 bytes) removed from the image.

==============================================================================

Image Symbol Table

    Local Symbols

    Symbol Name                              Value     Ov Type        Size  Object(Section)

    ../clib/microlib/ctype/ctype.c           0x00000000   Number         0  ctype_c.o ABSOLUTE
    ../clib/microlib/ctype/ctype.c           0x00000000   Number         0  isspace_c.o ABSOLUTE
    ../clib/microlib/ctype/tolower.c         0x00000000   Number         0  tolower.o ABSOLUTE
    ../clib/microlib/division.c              0x00000000   Number         0  uldiv.o ABSOLUTE
    ../clib/microlib/division.c              0x00000000   Number         0  uidiv.o ABSOLUTE
    ../clib/microlib/errno.c                 0x00000000   Number         0  errno.o ABSOLUTE
    ../clib/microlib/init/entry.s            0x00000000   Number         0  entry5.o ABSOLUTE
    ../clib/microlib/init/entry.s            0x00000000   Number         0  entry.o ABSOLUTE
    ../clib/microlib/init/entry.s            0x00000000   Number         0  entry11b.o ABSOLUTE
    ../clib/microlib/init/entry.s            0x00000000   Number         0  entry11a.o ABSOLUTE
    ../clib/microlib/init/entry.s            0x00000000   Number         0  entry10a.o ABSOLUTE
    ../clib/microlib/init/entry.s            0x00000000   Number         0  entry10b.o ABSOLUTE
    ../clib/microlib/init/entry.s            0x00000000   Number         0  entry9b.o ABSOLUTE
    ../clib/microlib/init/entry.s            0x00000000   Number         0  entry9a.o ABSOLUTE
    ../clib/microlib/init/entry.s            0x00000000   Number         0  entry2.o ABSOLUTE
    ../clib/microlib/init/entry.s            0x00000000   Number         0  entry8b.o ABSOLUTE
    ../clib/microlib/init/entry.s            0x00000000   Number         0  entry8a.o ABSOLUTE
    ../clib/microlib/init/entry.s            0x00000000   Number         0  entry7b.o ABSOLUTE
    ../clib/microlib/init/entry.s            0x00000000   Number         0  entry7a.o ABSOLUTE
    ../clib/microlib/longlong.c              0x00000000   Number         0  llsshr.o ABSOLUTE
    ../clib/microlib/longlong.c              0x00000000   Number         0  llshl.o ABSOLUTE
    ../clib/microlib/longlong.c              0x00000000   Number         0  llushr.o ABSOLUTE
    ../clib/microlib/malloc/malloc.c         0x00000000   Number         0  malloc.o ABSOLUTE
    ../clib/microlib/malloc/malloc.c         0x00000000   Number         0  mallocr.o ABSOLUTE
    ../clib/microlib/malloc/malloc.c         0x00000000   Number         0  malloca.o ABSOLUTE
    ../clib/microlib/malloc/malloc.c         0x00000000   Number         0  mallocra.o ABSOLUTE
    ../clib/microlib/malloc/mvars.c          0x00000000   Number         0  mvars.o ABSOLUTE
    ../clib/microlib/printf/printf.c         0x00000000   Number         0  printf8.o ABSOLUTE
    ../clib/microlib/printf/printf.c         0x00000000   Number         0  printf7.o ABSOLUTE
    ../clib/microlib/printf/printf.c         0x00000000   Number         0  printf6.o ABSOLUTE
    ../clib/microlib/printf/printf.c         0x00000000   Number         0  printf0.o ABSOLUTE
    ../clib/microlib/printf/printf.c         0x00000000   Number         0  printfb.o ABSOLUTE
    ../clib/microlib/printf/printf.c         0x00000000   Number         0  printf1.o ABSOLUTE
    ../clib/microlib/printf/printf.c         0x00000000   Number         0  printf2.o ABSOLUTE
    ../clib/microlib/printf/printf.c         0x00000000   Number         0  printf3.o ABSOLUTE
    ../clib/microlib/printf/printf.c         0x00000000   Number         0  printf4.o ABSOLUTE
    ../clib/microlib/printf/printf.c         0x00000000   Number         0  printf5.o ABSOLUTE
    ../clib/microlib/printf/printf.c         0x00000000   Number         0  printfa.o ABSOLUTE
    ../clib/microlib/printf/stubs.s          0x00000000   Number         0  stubs.o ABSOLUTE
    ../clib/microlib/stdio/fgetc.c           0x00000000   Number         0  fgetc_b.o ABSOLUTE
    ../clib/microlib/stdio/semi.s            0x00000000   Number         0  semi.o ABSOLUTE
    ../clib/microlib/stdio/streams.c         0x00000000   Number         0  stdout.o ABSOLUTE
    ../clib/microlib/stdio/streams.c         0x00000000   Number         0  stdin.o ABSOLUTE
    ../clib/microlib/string/memcpy.c         0x00000000   Number         0  memcpyb.o ABSOLUTE
    ../clib/microlib/string/memcpy.c         0x00000000   Number         0  memcpya.o ABSOLUTE
    ../clib/microlib/string/memset.c         0x00000000   Number         0  memseta.o ABSOLUTE
    ../clib/microlib/string/strchr.c         0x00000000   Number         0  strchr.o ABSOLUTE
    ../clib/microlib/string/strcmp.c         0x00000000   Number         0  strcmp.o ABSOLUTE
    ../clib/microlib/string/strcpy.c         0x00000000   Number         0  strcpy.o ABSOLUTE
    ../clib/microlib/string/strlen.c         0x00000000   Number         0  strlen.o ABSOLUTE
    ../clib/microlib/string/strncmp.c        0x00000000   Number         0  strncmp.o ABSOLUTE
    ../clib/microlib/string/strstr.c         0x00000000   Number         0  strstr.o ABSOLUTE
    ../clib/microlib/string/strtok.c         0x00000000   Number         0  strtok.o ABSOLUTE
    ../clib/microlib/string/strtok.c         0x00000000   Number         0  strtok_r.o ABSOLUTE
    ../clib/microlib/stubs.s                 0x00000000   Number         0  iusesemig.o ABSOLUTE
    ../clib/microlib/stubs.s                 0x00000000   Number         0  iusefp.o ABSOLUTE
    ../clib/scanf.c                          0x00000000   Number         0  _scanf_str.o ABSOLUTE
    ../clib/scanf.c                          0x00000000   Number         0  __0scanf.o ABSOLUTE
    ../clib/scanf.c                          0x00000000   Number         0  _scanf.o ABSOLUTE
    ../clib/scanf.c                          0x00000000   Number         0  __0sscanf.o ABSOLUTE
    ../clib/scanf.c                          0x00000000   Number         0  scanf_char.o ABSOLUTE
    ../clib/scanf.c                          0x00000000   Number         0  scanf_char_file.o ABSOLUTE
    ../clib/scanf.c                          0x00000000   Number         0  _sgetc.o ABSOLUTE
    ../fplib/microlib/f2d.c                  0x00000000   Number         0  f2d.o ABSOLUTE
    ../fplib/microlib/fpadd.c                0x00000000   Number         0  dadd.o ABSOLUTE
    ../fplib/microlib/fpdiv.c                0x00000000   Number         0  ddiv.o ABSOLUTE
    ../fplib/microlib/fpepilogue.c           0x00000000   Number         0  depilogue.o ABSOLUTE
    ../fplib/microlib/fpfix.c                0x00000000   Number         0  dfixul.o ABSOLUTE
    ../fplib/microlib/fpfix.c                0x00000000   Number         0  dfixi.o ABSOLUTE
    ../fplib/microlib/fpfix.c                0x00000000   Number         0  dfixui.o ABSOLUTE
    ../fplib/microlib/fpflt.c                0x00000000   Number         0  dflti.o ABSOLUTE
    ../fplib/microlib/fpflt.c                0x00000000   Number         0  dfltui.o ABSOLUTE
    ../fplib/microlib/fpmul.c                0x00000000   Number         0  dmul.o ABSOLUTE
    ../fplib/microlib/fpscalb.c              0x00000000   Number         0  dscalb.o ABSOLUTE
    ../fplib/microlib/fpsqrt.c               0x00000000   Number         0  dsqrt.o ABSOLUTE
    ../mathlib/dunder.c                      0x00000000   Number         0  dunder.o ABSOLUTE
    ../mathlib/floor.c                       0x00000000   Number         0  floor.o ABSOLUTE
    ../mathlib/fpclassify.c                  0x00000000   Number         0  fpclassify.o ABSOLUTE
    ../mathlib/poly.c                        0x00000000   Number         0  poly.o ABSOLUTE
    ../mathlib/pow.c                         0x00000000   Number         0  pow.o ABSOLUTE
    ../mathlib/pow.c                         0x00000000   Number         0  pow_x.o ABSOLUTE
    ../mathlib/qnan.c                        0x00000000   Number         0  qnan.o ABSOLUTE
    ../mathlib/sqrt.c                        0x00000000   Number         0  sqrt.o ABSOLUTE
    ../mathlib/sqrt.c                        0x00000000   Number         0  sqrt_x.o ABSOLUTE
    APP\dht11\dht11.c                        0x00000000   Number         0  dht11.o ABSOLUTE
    APP\esp8266\wifi_config.c                0x00000000   Number         0  wifi_config.o ABSOLUTE
    APP\esp8266\wifi_function.c              0x00000000   Number         0  wifi_function.o ABSOLUTE
    APP\led\led.c                            0x00000000   Number         0  led.o ABSOLUTE
    APP\pwm\pwm.c                            0x00000000   Number         0  pwm.o ABSOLUTE
    APP\tftlcd\tftlcd.c                      0x00000000   Number         0  tftlcd.o ABSOLUTE
    Libraries\CMSIS\core_cm3.c               0x00000000   Number         0  core_cm3.o ABSOLUTE
    Libraries\CMSIS\startup_stm32f10x_hd.s   0x00000000   Number         0  startup_stm32f10x_hd.o ABSOLUTE
    Libraries\CMSIS\system_stm32f10x.c       0x00000000   Number         0  system_stm32f10x.o ABSOLUTE
    Libraries\STM32F10x_StdPeriph_Driver\src\misc.c 0x00000000   Number         0  misc.o ABSOLUTE
    Libraries\STM32F10x_StdPeriph_Driver\src\stm32f10x_adc.c 0x00000000   Number         0  stm32f10x_adc.o ABSOLUTE
    Libraries\STM32F10x_StdPeriph_Driver\src\stm32f10x_bkp.c 0x00000000   Number         0  stm32f10x_bkp.o ABSOLUTE
    Libraries\STM32F10x_StdPeriph_Driver\src\stm32f10x_can.c 0x00000000   Number         0  stm32f10x_can.o ABSOLUTE
    Libraries\STM32F10x_StdPeriph_Driver\src\stm32f10x_dac.c 0x00000000   Number         0  stm32f10x_dac.o ABSOLUTE
    Libraries\STM32F10x_StdPeriph_Driver\src\stm32f10x_dma.c 0x00000000   Number         0  stm32f10x_dma.o ABSOLUTE
    Libraries\STM32F10x_StdPeriph_Driver\src\stm32f10x_exti.c 0x00000000   Number         0  stm32f10x_exti.o ABSOLUTE
    Libraries\STM32F10x_StdPeriph_Driver\src\stm32f10x_fsmc.c 0x00000000   Number         0  stm32f10x_fsmc.o ABSOLUTE
    Libraries\STM32F10x_StdPeriph_Driver\src\stm32f10x_gpio.c 0x00000000   Number         0  stm32f10x_gpio.o ABSOLUTE
    Libraries\STM32F10x_StdPeriph_Driver\src\stm32f10x_iwdg.c 0x00000000   Number         0  stm32f10x_iwdg.o ABSOLUTE
    Libraries\STM32F10x_StdPeriph_Driver\src\stm32f10x_pwr.c 0x00000000   Number         0  stm32f10x_pwr.o ABSOLUTE
    Libraries\STM32F10x_StdPeriph_Driver\src\stm32f10x_rcc.c 0x00000000   Number         0  stm32f10x_rcc.o ABSOLUTE
    Libraries\STM32F10x_StdPeriph_Driver\src\stm32f10x_rtc.c 0x00000000   Number         0  stm32f10x_rtc.o ABSOLUTE
    Libraries\STM32F10x_StdPeriph_Driver\src\stm32f10x_spi.c 0x00000000   Number         0  stm32f10x_spi.o ABSOLUTE
    Libraries\STM32F10x_StdPeriph_Driver\src\stm32f10x_tim.c 0x00000000   Number         0  stm32f10x_tim.o ABSOLUTE
    Libraries\STM32F10x_StdPeriph_Driver\src\stm32f10x_usart.c 0x00000000   Number         0  stm32f10x_usart.o ABSOLUTE
    Libraries\STM32F10x_StdPeriph_Driver\src\stm32f10x_wwdg.c 0x00000000   Number         0  stm32f10x_wwdg.o ABSOLUTE
    Libraries\\CMSIS\\core_cm3.c             0x00000000   Number         0  core_cm3.o ABSOLUTE
    Libraries\cJSON\cJSON.c                  0x00000000   Number         0  cjson.o ABSOLUTE
    Public\SysTick.c                         0x00000000   Number         0  systick.o ABSOLUTE
    Public\system.c                          0x00000000   Number         0  system.o ABSOLUTE
    Public\usart.c                           0x00000000   Number         0  usart.o ABSOLUTE
    User\main.c                              0x00000000   Number         0  main.o ABSOLUTE
    User\stm32f10x_it.c                      0x00000000   Number         0  stm32f10x_it.o ABSOLUTE
    cdcmple.s                                0x00000000   Number         0  cdcmple.o ABSOLUTE
    cdrcmple.s                               0x00000000   Number         0  cdrcmple.o ABSOLUTE
    dc.s                                     0x00000000   Number         0  dc.o ABSOLUTE
    handlers.s                               0x00000000   Number         0  handlers.o ABSOLUTE
    init.s                                   0x00000000   Number         0  init.o ABSOLUTE
    RESET                                    0x08000000   Section      304  startup_stm32f10x_hd.o(RESET)
    .ARM.Collect$$$$00000000                 0x08000130   Section        0  entry.o(.ARM.Collect$$$$00000000)
    .ARM.Collect$$$$00000001                 0x08000130   Section        4  entry2.o(.ARM.Collect$$$$00000001)
    .ARM.Collect$$$$00000004                 0x08000134   Section        4  entry5.o(.ARM.Collect$$$$00000004)
    .ARM.Collect$$$$00000008                 0x08000138   Section        0  entry7b.o(.ARM.Collect$$$$00000008)
    .ARM.Collect$$$$0000000A                 0x08000138   Section        0  entry8b.o(.ARM.Collect$$$$0000000A)
    .ARM.Collect$$$$0000000B                 0x08000138   Section        8  entry9a.o(.ARM.Collect$$$$0000000B)
    .ARM.Collect$$$$0000000D                 0x08000140   Section        0  entry10a.o(.ARM.Collect$$$$0000000D)
    .ARM.Collect$$$$0000000F                 0x08000140   Section        0  entry11a.o(.ARM.Collect$$$$0000000F)
    .ARM.Collect$$$$00002712                 0x08000140   Section        4  entry2.o(.ARM.Collect$$$$00002712)
    __lit__00000000                          0x08000140   Data           4  entry2.o(.ARM.Collect$$$$00002712)
    .text                                    0x08000144   Section       36  startup_stm32f10x_hd.o(.text)
    .text                                    0x08000168   Section        0  memcpya.o(.text)
    .text                                    0x0800018c   Section        0  memseta.o(.text)
    .text                                    0x080001b0   Section        0  strstr.o(.text)
    .text                                    0x080001d4   Section        0  strchr.o(.text)
    .text                                    0x080001e8   Section        0  strlen.o(.text)
    .text                                    0x080001f6   Section        0  strcmp.o(.text)
    .text                                    0x08000212   Section        0  strncmp.o(.text)
    .text                                    0x08000230   Section        0  __0sscanf.o(.text)
    .text                                    0x08000268   Section        0  _scanf_str.o(.text)
    .text                                    0x08000348   Section        0  dadd.o(.text)
    .text                                    0x08000496   Section        0  dmul.o(.text)
    .text                                    0x0800057a   Section        0  dflti.o(.text)
    .text                                    0x0800059c   Section        0  dfixi.o(.text)
    .text                                    0x080005dc   Section       48  cdrcmple.o(.text)
    .text                                    0x0800060c   Section        0  uidiv.o(.text)
    .text                                    0x08000638   Section        0  uldiv.o(.text)
    .text                                    0x0800069a   Section        0  llshl.o(.text)
    .text                                    0x080006b8   Section        0  llushr.o(.text)
    .text                                    0x080006d8   Section        0  llsshr.o(.text)
    .text                                    0x080006fc   Section        0  scanf_char.o(.text)
    _scanf_char_input                        0x080006fd   Thumb Code    12  scanf_char.o(.text)
    .text                                    0x08000724   Section        0  _sgetc.o(.text)
    .text                                    0x08000764   Section        0  iusefp.o(.text)
    .text                                    0x08000764   Section        0  depilogue.o(.text)
    .text                                    0x0800081e   Section        0  ddiv.o(.text)
    .text                                    0x080008fc   Section        0  dscalb.o(.text)
    .text                                    0x0800092a   Section        0  dfixul.o(.text)
    .text                                    0x0800095c   Section       36  init.o(.text)
    .text                                    0x08000980   Section        0  isspace_c.o(.text)
    .text                                    0x0800098c   Section        0  _scanf.o(.text)
    .text                                    0x08000cb8   Section        0  dsqrt.o(.text)
    .text                                    0x08000d5c   Section        0  ctype_c.o(.text)
    i.BusFault_Handler                       0x08000d84   Section        0  stm32f10x_it.o(i.BusFault_Handler)
    i.ClearEsp8266Buffer                     0x08000d88   Section        0  wifi_function.o(i.ClearEsp8266Buffer)
    i.DHT11_Check                            0x08000da4   Section        0  dht11.o(i.DHT11_Check)
    i.DHT11_IO_IN                            0x08000df4   Section        0  dht11.o(i.DHT11_IO_IN)
    i.DHT11_IO_OUT                           0x08000e14   Section        0  dht11.o(i.DHT11_IO_OUT)
    i.DHT11_Init                             0x08000e38   Section        0  dht11.o(i.DHT11_Init)
    i.DHT11_Read_Bit                         0x08000e78   Section        0  dht11.o(i.DHT11_Read_Bit)
    i.DHT11_Read_Byte                        0x08000ec4   Section        0  dht11.o(i.DHT11_Read_Byte)
    i.DHT11_Read_Data                        0x08000ee2   Section        0  dht11.o(i.DHT11_Read_Data)
    i.DHT11_Rst                              0x08000f3c   Section        0  dht11.o(i.DHT11_Rst)
    i.DebugMon_Handler                       0x08000f68   Section        0  stm32f10x_it.o(i.DebugMon_Handler)
    i.ESP8266_AT_Test                        0x08000f6c   Section        0  wifi_function.o(i.ESP8266_AT_Test)
    i.ESP8266_Choose                         0x08000fa4   Section        0  wifi_function.o(i.ESP8266_Choose)
    i.ESP8266_Cmd                            0x08000fc4   Section        0  wifi_function.o(i.ESP8266_Cmd)
    i.ESP8266_JoinAP                         0x08001070   Section        0  wifi_function.o(i.ESP8266_JoinAP)
    i.ESP8266_Link_MQTT                      0x080010b0   Section        0  wifi_function.o(i.ESP8266_Link_MQTT)
    i.ESP8266_MQTT_Public_key_Value          0x0800111c   Section        0  wifi_function.o(i.ESP8266_MQTT_Public_key_Value)
    i.ESP8266_Net_Mode_Choose                0x0800118c   Section        0  wifi_function.o(i.ESP8266_Net_Mode_Choose)
    i.ESP8266_Rst                            0x08001204   Section        0  wifi_function.o(i.ESP8266_Rst)
    i.ESP8266_STA_TCP_Client_MQTT            0x08001228   Section        0  wifi_function.o(i.ESP8266_STA_TCP_Client_MQTT)
    i.ESP8266_Set_MQTT_Sub                   0x08001464   Section        0  wifi_function.o(i.ESP8266_Set_MQTT_Sub)
    i.ESP8266_Set_MQTT_User                  0x080014dc   Section        0  wifi_function.o(i.ESP8266_Set_MQTT_User)
    i.GPIO_Init                              0x08001550   Section        0  stm32f10x_gpio.o(i.GPIO_Init)
    i.GPIO_PinRemapConfig                    0x08001668   Section        0  stm32f10x_gpio.o(i.GPIO_PinRemapConfig)
    i.GPIO_ResetBits                         0x080016f8   Section        0  stm32f10x_gpio.o(i.GPIO_ResetBits)
    i.GPIO_SetBits                           0x080016fc   Section        0  stm32f10x_gpio.o(i.GPIO_SetBits)
    i.HandleMQTTMessage                      0x08001700   Section        0  main.o(i.HandleMQTTMessage)
    i.HardFault_Handler                      0x08001760   Section        0  stm32f10x_it.o(i.HardFault_Handler)
    i.LED_Init                               0x08001764   Section        0  led.o(i.LED_Init)
    i.LED_OFF                                0x080017b0   Section        0  led.o(i.LED_OFF)
    i.LED_ON                                 0x080017cc   Section        0  led.o(i.LED_ON)
    i.LedHandler                             0x080017e8   Section        0  main.o(i.LedHandler)
    i.MemManage_Handler                      0x0800186c   Section        0  stm32f10x_it.o(i.MemManage_Handler)
    i.MotorHandler                           0x08001870   Section        0  main.o(i.MotorHandler)
    i.NMI_Handler                            0x08001900   Section        0  stm32f10x_it.o(i.NMI_Handler)
    i.NVIC_Init                              0x08001904   Section        0  misc.o(i.NVIC_Init)
    i.NVIC_PriorityGroupConfig               0x08001974   Section        0  misc.o(i.NVIC_PriorityGroupConfig)
    i.PendSV_Handler                         0x08001988   Section        0  stm32f10x_it.o(i.PendSV_Handler)
    i.ProcessWiFiData                        0x0800198c   Section        0  main.o(i.ProcessWiFiData)
    i.RCC_APB1PeriphClockCmd                 0x08001a38   Section        0  stm32f10x_rcc.o(i.RCC_APB1PeriphClockCmd)
    i.RCC_APB2PeriphClockCmd                 0x08001a58   Section        0  stm32f10x_rcc.o(i.RCC_APB2PeriphClockCmd)
    i.RCC_GetClocksFreq                      0x08001a78   Section        0  stm32f10x_rcc.o(i.RCC_GetClocksFreq)
    i.SVC_Handler                            0x08001b4c   Section        0  stm32f10x_it.o(i.SVC_Handler)
    i.SetSysClock                            0x08001b4e   Section        0  system_stm32f10x.o(i.SetSysClock)
    SetSysClock                              0x08001b4f   Thumb Code     8  system_stm32f10x.o(i.SetSysClock)
    i.SetSysClockTo72                        0x08001b58   Section        0  system_stm32f10x.o(i.SetSysClockTo72)
    SetSysClockTo72                          0x08001b59   Thumb Code   214  system_stm32f10x.o(i.SetSysClockTo72)
    i.SysTick_CLKSourceConfig                0x08001c38   Section        0  misc.o(i.SysTick_CLKSourceConfig)
    i.SysTick_Handler                        0x08001c60   Section        0  stm32f10x_it.o(i.SysTick_Handler)
    i.SysTick_Init                           0x08001c64   Section        0  systick.o(i.SysTick_Init)
    i.SystemInit                             0x08001ca0   Section        0  system_stm32f10x.o(i.SystemInit)
    i.TIM3_CH2_PWM_Init                      0x08001d00   Section        0  pwm.o(i.TIM3_CH2_PWM_Init)
    i.TIM_ARRPreloadConfig                   0x08001da0   Section        0  stm32f10x_tim.o(i.TIM_ARRPreloadConfig)
    i.TIM_Cmd                                0x08001db8   Section        0  stm32f10x_tim.o(i.TIM_Cmd)
    i.TIM_OC2Init                            0x08001dd0   Section        0  stm32f10x_tim.o(i.TIM_OC2Init)
    i.TIM_OC2PreloadConfig                   0x08001e74   Section        0  stm32f10x_tim.o(i.TIM_OC2PreloadConfig)
    i.TIM_SetCompare2                        0x08001e8e   Section        0  stm32f10x_tim.o(i.TIM_SetCompare2)
    i.TIM_TimeBaseInit                       0x08001e94   Section        0  stm32f10x_tim.o(i.TIM_TimeBaseInit)
    i.USART1_IRQHandler                      0x08001f38   Section        0  usart.o(i.USART1_IRQHandler)
    i.USART1_Init                            0x08002074   Section        0  usart.o(i.USART1_Init)
    i.USART3_IRQHandler                      0x08002124   Section        0  wifi_config.o(i.USART3_IRQHandler)
    i.USART3_printf                          0x080021a0   Section        0  wifi_config.o(i.USART3_printf)
    i.USART_ClearFlag                        0x080022a6   Section        0  stm32f10x_usart.o(i.USART_ClearFlag)
    i.USART_ClearITPendingBit                0x080022b8   Section        0  stm32f10x_usart.o(i.USART_ClearITPendingBit)
    i.USART_Cmd                              0x080022d6   Section        0  stm32f10x_usart.o(i.USART_Cmd)
    i.USART_GetFlagStatus                    0x080022ee   Section        0  stm32f10x_usart.o(i.USART_GetFlagStatus)
    i.USART_GetITStatus                      0x08002308   Section        0  stm32f10x_usart.o(i.USART_GetITStatus)
    i.USART_ITConfig                         0x0800235c   Section        0  stm32f10x_usart.o(i.USART_ITConfig)
    i.USART_Init                             0x080023a8   Section        0  stm32f10x_usart.o(i.USART_Init)
    i.USART_ReceiveData                      0x08002480   Section        0  stm32f10x_usart.o(i.USART_ReceiveData)
    i.USART_SendData                         0x0800248a   Section        0  stm32f10x_usart.o(i.USART_SendData)
    i.UsageFault_Handler                     0x08002492   Section        0  stm32f10x_it.o(i.UsageFault_Handler)
    i.WiFi_Config                            0x08002498   Section        0  wifi_config.o(i.WiFi_Config)
    i.__0printf                              0x0800259c   Section        0  printfa.o(i.__0printf)
    i.__0sprintf                             0x080025bc   Section        0  printfa.o(i.__0sprintf)
    i.__ARM_fpclassify                       0x080025e4   Section        0  fpclassify.o(i.__ARM_fpclassify)
    i.__kernel_poly                          0x0800260c   Section        0  poly.o(i.__kernel_poly)
    i.__mathlib_dbl_divzero                  0x080026b8   Section        0  dunder.o(i.__mathlib_dbl_divzero)
    i.__mathlib_dbl_infnan2                  0x080026c8   Section        0  dunder.o(i.__mathlib_dbl_infnan2)
    i.__mathlib_dbl_invalid                  0x080026cc   Section        0  dunder.o(i.__mathlib_dbl_invalid)
    i.__mathlib_dbl_overflow                 0x080026d8   Section        0  dunder.o(i.__mathlib_dbl_overflow)
    i.__mathlib_dbl_underflow                0x080026e8   Section        0  dunder.o(i.__mathlib_dbl_underflow)
    i.__scatterload_copy                     0x080026f8   Section       14  handlers.o(i.__scatterload_copy)
    i.__scatterload_null                     0x08002706   Section        2  handlers.o(i.__scatterload_null)
    i.__scatterload_zeroinit                 0x08002708   Section       14  handlers.o(i.__scatterload_zeroinit)
    i.__set_errno                            0x08002718   Section        0  errno.o(i.__set_errno)
    i._fp_digits                             0x08002724   Section        0  printfa.o(i._fp_digits)
    _fp_digits                               0x08002725   Thumb Code   366  printfa.o(i._fp_digits)
    i._printf_core                           0x080028a8   Section        0  printfa.o(i._printf_core)
    _printf_core                             0x080028a9   Thumb Code  1744  printfa.o(i._printf_core)
    i._printf_post_padding                   0x08002f84   Section        0  printfa.o(i._printf_post_padding)
    _printf_post_padding                     0x08002f85   Thumb Code    36  printfa.o(i._printf_post_padding)
    i._printf_pre_padding                    0x08002fa8   Section        0  printfa.o(i._printf_pre_padding)
    _printf_pre_padding                      0x08002fa9   Thumb Code    46  printfa.o(i._printf_pre_padding)
    i._sputc                                 0x08002fd6   Section        0  printfa.o(i._sputc)
    _sputc                                   0x08002fd7   Thumb Code    10  printfa.o(i._sputc)
    i.cJSON_Delete                           0x08002fe0   Section        0  cjson.o(i.cJSON_Delete)
    i.cJSON_GetErrorPtr                      0x08003038   Section        0  cjson.o(i.cJSON_GetErrorPtr)
    i.cJSON_New_Item                         0x08003044   Section        0  cjson.o(i.cJSON_New_Item)
    cJSON_New_Item                           0x08003045   Thumb Code    26  cjson.o(i.cJSON_New_Item)
    i.cJSON_Parse                            0x08003064   Section        0  cjson.o(i.cJSON_Parse)
    i.cJSON_ParseWithOpts                    0x08003074   Section        0  cjson.o(i.cJSON_ParseWithOpts)
    i.data_pros                              0x080030d8   Section        0  main.o(i.data_pros)
    i.delay_ms                               0x0800324c   Section        0  systick.o(i.delay_ms)
    i.delay_nms                              0x08003284   Section        0  systick.o(i.delay_nms)
    i.delay_us                               0x080032d0   Section        0  systick.o(i.delay_us)
    i.fputc                                  0x0800331c   Section        0  usart.o(i.fputc)
    i.free                                   0x08003340   Section        0  malloc.o(i.free)
    i.itoa                                   0x08003390   Section        0  wifi_config.o(i.itoa)
    itoa                                     0x08003391   Thumb Code    98  wifi_config.o(i.itoa)
    i.main                                   0x080033f4   Section        0  main.o(i.main)
    i.malloc                                 0x080036bc   Section        0  malloc.o(i.malloc)
    i.parse_array                            0x08003728   Section        0  cjson.o(i.parse_array)
    parse_array                              0x08003729   Thumb Code   166  cjson.o(i.parse_array)
    i.parse_hex4                             0x080037d4   Section        0  cjson.o(i.parse_hex4)
    parse_hex4                               0x080037d5   Thumb Code   276  cjson.o(i.parse_hex4)
    i.parse_json_message                     0x080038e8   Section        0  main.o(i.parse_json_message)
    i.parse_number                           0x080039ac   Section        0  cjson.o(i.parse_number)
    parse_number                             0x080039ad   Thumb Code   432  cjson.o(i.parse_number)
    i.parse_object                           0x08003b68   Section        0  cjson.o(i.parse_object)
    parse_object                             0x08003b69   Thumb Code   270  cjson.o(i.parse_object)
    i.parse_string                           0x08003c7c   Section        0  cjson.o(i.parse_string)
    parse_string                             0x08003c7d   Thumb Code   448  cjson.o(i.parse_string)
    i.parse_value                            0x08003e48   Section        0  cjson.o(i.parse_value)
    parse_value                              0x08003e49   Thumb Code   158  cjson.o(i.parse_value)
    i.pow                                    0x08003f04   Section        0  pow.o(i.pow)
    i.skip                                   0x080048dc   Section        0  cjson.o(i.skip)
    skip                                     0x080048dd   Thumb Code    18  cjson.o(i.skip)
    i.sqrt                                   0x080048ee   Section        0  sqrt.o(i.sqrt)
    .constdata                               0x0800493a   Section        7  cjson.o(.constdata)
    firstByteMark                            0x0800493a   Data           7  cjson.o(.constdata)
    .constdata                               0x08004948   Section      136  pow.o(.constdata)
    bp                                       0x08004948   Data          16  pow.o(.constdata)
    dp_h                                     0x08004958   Data          16  pow.o(.constdata)
    dp_l                                     0x08004968   Data          16  pow.o(.constdata)
    L                                        0x08004978   Data          48  pow.o(.constdata)
    P                                        0x080049a8   Data          40  pow.o(.constdata)
    .constdata                               0x080049d0   Section        8  qnan.o(.constdata)
    .constdata                               0x080049d8   Section       64  ctype_c.o(.constdata)
    .conststring                             0x08004a18   Section       10  main.o(.conststring)
    .data                                    0x20000000   Section      160  main.o(.data)
    .data                                    0x200000a0   Section       20  stm32f10x_rcc.o(.data)
    APBAHBPrescTable                         0x200000a0   Data          16  stm32f10x_rcc.o(.data)
    ADCPrescTable                            0x200000b0   Data           4  stm32f10x_rcc.o(.data)
    .data                                    0x200000b4   Section        4  systick.o(.data)
    fac_us                                   0x200000b4   Data           1  systick.o(.data)
    fac_ms                                   0x200000b6   Data           2  systick.o(.data)
    .data                                    0x200000b8   Section        2  usart.o(.data)
    .data                                    0x200000bc   Section       12  cjson.o(.data)
    ep                                       0x200000bc   Data           4  cjson.o(.data)
    cJSON_malloc                             0x200000c0   Data           4  cjson.o(.data)
    cJSON_free                               0x200000c4   Data           4  cjson.o(.data)
    .data                                    0x200000c8   Section        4  stdout.o(.data)
    .data                                    0x200000cc   Section        4  mvars.o(.data)
    .data                                    0x200000d0   Section        4  mvars.o(.data)
    .data                                    0x200000d4   Section        4  errno.o(.data)
    _errno                                   0x200000d4   Data           4  errno.o(.data)
    .bss                                     0x200000d8   Section     1024  main.o(.bss)
    .bss                                     0x200004d8   Section      200  usart.o(.bss)
    .bss                                     0x200005a0   Section     1026  wifi_config.o(.bss)
    HEAP                                     0x200009a8   Section      512  startup_stm32f10x_hd.o(HEAP)
    STACK                                    0x20000ba8   Section     1024  startup_stm32f10x_hd.o(STACK)

    Global Symbols

    Symbol Name                              Value     Ov Type        Size  Object(Section)

    BuildAttributes$$THM_ISAv4$P$D$K$B$S$PE$A:L22UL41UL21$X:L11$S22US41US21$IEEE1$IW$USESV6$~STKCKD$USESV7$~SHL$OTIME$ROPI$IEEEX$EBA8$MICROLIB$REQ8$PRES8$EABIv2 0x00000000   Number         0  anon$$obj.o ABSOLUTE
    __ARM_use_no_argv                        0x00000000   Number         0  main.o ABSOLUTE
    _printf_a                                0x00000000   Number         0  stubs.o ABSOLUTE
    _printf_c                                0x00000000   Number         0  stubs.o ABSOLUTE
    _printf_charcount                        0x00000000   Number         0  stubs.o ABSOLUTE
    _printf_d                                0x00000000   Number         0  stubs.o ABSOLUTE
    _printf_e                                0x00000000   Number         0  stubs.o ABSOLUTE
    _printf_f                                0x00000000   Number         0  stubs.o ABSOLUTE
    _printf_flags                            0x00000000   Number         0  stubs.o ABSOLUTE
    _printf_fp_dec                           0x00000000   Number         0  stubs.o ABSOLUTE
    _printf_fp_hex                           0x00000000   Number         0  stubs.o ABSOLUTE
    _printf_g                                0x00000000   Number         0  stubs.o ABSOLUTE
    _printf_i                                0x00000000   Number         0  stubs.o ABSOLUTE
    _printf_int_dec                          0x00000000   Number         0  stubs.o ABSOLUTE
    _printf_l                                0x00000000   Number         0  stubs.o ABSOLUTE
    _printf_lc                               0x00000000   Number         0  stubs.o ABSOLUTE
    _printf_ll                               0x00000000   Number         0  stubs.o ABSOLUTE
    _printf_lld                              0x00000000   Number         0  stubs.o ABSOLUTE
    _printf_lli                              0x00000000   Number         0  stubs.o ABSOLUTE
    _printf_llo                              0x00000000   Number         0  stubs.o ABSOLUTE
    _printf_llu                              0x00000000   Number         0  stubs.o ABSOLUTE
    _printf_llx                              0x00000000   Number         0  stubs.o ABSOLUTE
    _printf_longlong_dec                     0x00000000   Number         0  stubs.o ABSOLUTE
    _printf_longlong_hex                     0x00000000   Number         0  stubs.o ABSOLUTE
    _printf_longlong_oct                     0x00000000   Number         0  stubs.o ABSOLUTE
    _printf_ls                               0x00000000   Number         0  stubs.o ABSOLUTE
    _printf_mbtowc                           0x00000000   Number         0  stubs.o ABSOLUTE
    _printf_n                                0x00000000   Number         0  stubs.o ABSOLUTE
    _printf_o                                0x00000000   Number         0  stubs.o ABSOLUTE
    _printf_p                                0x00000000   Number         0  stubs.o ABSOLUTE
    _printf_percent                          0x00000000   Number         0  stubs.o ABSOLUTE
    _printf_pre_padding                      0x00000000   Number         0  stubs.o ABSOLUTE
    _printf_return_value                     0x00000000   Number         0  stubs.o ABSOLUTE
    _printf_s                                0x00000000   Number         0  stubs.o ABSOLUTE
    _printf_sizespec                         0x00000000   Number         0  stubs.o ABSOLUTE
    _printf_str                              0x00000000   Number         0  stubs.o ABSOLUTE
    _printf_truncate_signed                  0x00000000   Number         0  stubs.o ABSOLUTE
    _printf_truncate_unsigned                0x00000000   Number         0  stubs.o ABSOLUTE
    _printf_u                                0x00000000   Number         0  stubs.o ABSOLUTE
    _printf_wc                               0x00000000   Number         0  stubs.o ABSOLUTE
    _printf_wctomb                           0x00000000   Number         0  stubs.o ABSOLUTE
    _printf_widthprec                        0x00000000   Number         0  stubs.o ABSOLUTE
    _printf_x                                0x00000000   Number         0  stubs.o ABSOLUTE
    __cpp_initialize__aeabi_                  - Undefined Weak Reference
    __cxa_finalize                            - Undefined Weak Reference
    __decompress                              - Undefined Weak Reference
    _clock_init                               - Undefined Weak Reference
    _microlib_exit                            - Undefined Weak Reference
    _scanf_int                                - Undefined Weak Reference
    _scanf_longlong                           - Undefined Weak Reference
    _scanf_real                               - Undefined Weak Reference
    __Vectors_Size                           0x00000130   Number         0  startup_stm32f10x_hd.o ABSOLUTE
    __Vectors                                0x08000000   Data           4  startup_stm32f10x_hd.o(RESET)
    __Vectors_End                            0x08000130   Data           0  startup_stm32f10x_hd.o(RESET)
    __main                                   0x08000131   Thumb Code     0  entry.o(.ARM.Collect$$$$00000000)
    _main_stk                                0x08000131   Thumb Code     0  entry2.o(.ARM.Collect$$$$00000001)
    _main_scatterload                        0x08000135   Thumb Code     0  entry5.o(.ARM.Collect$$$$00000004)
    __main_after_scatterload                 0x08000139   Thumb Code     0  entry5.o(.ARM.Collect$$$$00000004)
    _main_clock                              0x08000139   Thumb Code     0  entry7b.o(.ARM.Collect$$$$00000008)
    _main_cpp_init                           0x08000139   Thumb Code     0  entry8b.o(.ARM.Collect$$$$0000000A)
    _main_init                               0x08000139   Thumb Code     0  entry9a.o(.ARM.Collect$$$$0000000B)
    __rt_final_cpp                           0x08000141   Thumb Code     0  entry10a.o(.ARM.Collect$$$$0000000D)
    __rt_final_exit                          0x08000141   Thumb Code     0  entry11a.o(.ARM.Collect$$$$0000000F)
    Reset_Handler                            0x08000145   Thumb Code     8  startup_stm32f10x_hd.o(.text)
    ADC1_2_IRQHandler                        0x0800015f   Thumb Code     0  startup_stm32f10x_hd.o(.text)
    ADC3_IRQHandler                          0x0800015f   Thumb Code     0  startup_stm32f10x_hd.o(.text)
    CAN1_RX1_IRQHandler                      0x0800015f   Thumb Code     0  startup_stm32f10x_hd.o(.text)
    CAN1_SCE_IRQHandler                      0x0800015f   Thumb Code     0  startup_stm32f10x_hd.o(.text)
    DMA1_Channel1_IRQHandler                 0x0800015f   Thumb Code     0  startup_stm32f10x_hd.o(.text)
    DMA1_Channel2_IRQHandler                 0x0800015f   Thumb Code     0  startup_stm32f10x_hd.o(.text)
    DMA1_Channel3_IRQHandler                 0x0800015f   Thumb Code     0  startup_stm32f10x_hd.o(.text)
    DMA1_Channel4_IRQHandler                 0x0800015f   Thumb Code     0  startup_stm32f10x_hd.o(.text)
    DMA1_Channel5_IRQHandler                 0x0800015f   Thumb Code     0  startup_stm32f10x_hd.o(.text)
    DMA1_Channel6_IRQHandler                 0x0800015f   Thumb Code     0  startup_stm32f10x_hd.o(.text)
    DMA1_Channel7_IRQHandler                 0x0800015f   Thumb Code     0  startup_stm32f10x_hd.o(.text)
    DMA2_Channel1_IRQHandler                 0x0800015f   Thumb Code     0  startup_stm32f10x_hd.o(.text)
    DMA2_Channel2_IRQHandler                 0x0800015f   Thumb Code     0  startup_stm32f10x_hd.o(.text)
    DMA2_Channel3_IRQHandler                 0x0800015f   Thumb Code     0  startup_stm32f10x_hd.o(.text)
    DMA2_Channel4_5_IRQHandler               0x0800015f   Thumb Code     0  startup_stm32f10x_hd.o(.text)
    EXTI0_IRQHandler                         0x0800015f   Thumb Code     0  startup_stm32f10x_hd.o(.text)
    EXTI15_10_IRQHandler                     0x0800015f   Thumb Code     0  startup_stm32f10x_hd.o(.text)
    EXTI1_IRQHandler                         0x0800015f   Thumb Code     0  startup_stm32f10x_hd.o(.text)
    EXTI2_IRQHandler                         0x0800015f   Thumb Code     0  startup_stm32f10x_hd.o(.text)
    EXTI3_IRQHandler                         0x0800015f   Thumb Code     0  startup_stm32f10x_hd.o(.text)
    EXTI4_IRQHandler                         0x0800015f   Thumb Code     0  startup_stm32f10x_hd.o(.text)
    EXTI9_5_IRQHandler                       0x0800015f   Thumb Code     0  startup_stm32f10x_hd.o(.text)
    FLASH_IRQHandler                         0x0800015f   Thumb Code     0  startup_stm32f10x_hd.o(.text)
    FSMC_IRQHandler                          0x0800015f   Thumb Code     0  startup_stm32f10x_hd.o(.text)
    I2C1_ER_IRQHandler                       0x0800015f   Thumb Code     0  startup_stm32f10x_hd.o(.text)
    I2C1_EV_IRQHandler                       0x0800015f   Thumb Code     0  startup_stm32f10x_hd.o(.text)
    I2C2_ER_IRQHandler                       0x0800015f   Thumb Code     0  startup_stm32f10x_hd.o(.text)
    I2C2_EV_IRQHandler                       0x0800015f   Thumb Code     0  startup_stm32f10x_hd.o(.text)
    PVD_IRQHandler                           0x0800015f   Thumb Code     0  startup_stm32f10x_hd.o(.text)
    RCC_IRQHandler                           0x0800015f   Thumb Code     0  startup_stm32f10x_hd.o(.text)
    RTCAlarm_IRQHandler                      0x0800015f   Thumb Code     0  startup_stm32f10x_hd.o(.text)
    RTC_IRQHandler                           0x0800015f   Thumb Code     0  startup_stm32f10x_hd.o(.text)
    SDIO_IRQHandler                          0x0800015f   Thumb Code     0  startup_stm32f10x_hd.o(.text)
    SPI1_IRQHandler                          0x0800015f   Thumb Code     0  startup_stm32f10x_hd.o(.text)
    SPI2_IRQHandler                          0x0800015f   Thumb Code     0  startup_stm32f10x_hd.o(.text)
    SPI3_IRQHandler                          0x0800015f   Thumb Code     0  startup_stm32f10x_hd.o(.text)
    TAMPER_IRQHandler                        0x0800015f   Thumb Code     0  startup_stm32f10x_hd.o(.text)
    TIM1_BRK_IRQHandler                      0x0800015f   Thumb Code     0  startup_stm32f10x_hd.o(.text)
    TIM1_CC_IRQHandler                       0x0800015f   Thumb Code     0  startup_stm32f10x_hd.o(.text)
    TIM1_TRG_COM_IRQHandler                  0x0800015f   Thumb Code     0  startup_stm32f10x_hd.o(.text)
    TIM1_UP_IRQHandler                       0x0800015f   Thumb Code     0  startup_stm32f10x_hd.o(.text)
    TIM2_IRQHandler                          0x0800015f   Thumb Code     0  startup_stm32f10x_hd.o(.text)
    TIM3_IRQHandler                          0x0800015f   Thumb Code     0  startup_stm32f10x_hd.o(.text)
    TIM4_IRQHandler                          0x0800015f   Thumb Code     0  startup_stm32f10x_hd.o(.text)
    TIM5_IRQHandler                          0x0800015f   Thumb Code     0  startup_stm32f10x_hd.o(.text)
    TIM6_IRQHandler                          0x0800015f   Thumb Code     0  startup_stm32f10x_hd.o(.text)
    TIM7_IRQHandler                          0x0800015f   Thumb Code     0  startup_stm32f10x_hd.o(.text)
    TIM8_BRK_IRQHandler                      0x0800015f   Thumb Code     0  startup_stm32f10x_hd.o(.text)
    TIM8_CC_IRQHandler                       0x0800015f   Thumb Code     0  startup_stm32f10x_hd.o(.text)
    TIM8_TRG_COM_IRQHandler                  0x0800015f   Thumb Code     0  startup_stm32f10x_hd.o(.text)
    TIM8_UP_IRQHandler                       0x0800015f   Thumb Code     0  startup_stm32f10x_hd.o(.text)
    UART4_IRQHandler                         0x0800015f   Thumb Code     0  startup_stm32f10x_hd.o(.text)
    UART5_IRQHandler                         0x0800015f   Thumb Code     0  startup_stm32f10x_hd.o(.text)
    USART2_IRQHandler                        0x0800015f   Thumb Code     0  startup_stm32f10x_hd.o(.text)
    USBWakeUp_IRQHandler                     0x0800015f   Thumb Code     0  startup_stm32f10x_hd.o(.text)
    USB_HP_CAN1_TX_IRQHandler                0x0800015f   Thumb Code     0  startup_stm32f10x_hd.o(.text)
    USB_LP_CAN1_RX0_IRQHandler               0x0800015f   Thumb Code     0  startup_stm32f10x_hd.o(.text)
    WWDG_IRQHandler                          0x0800015f   Thumb Code     0  startup_stm32f10x_hd.o(.text)
    __aeabi_memcpy                           0x08000169   Thumb Code    36  memcpya.o(.text)
    __aeabi_memcpy4                          0x08000169   Thumb Code     0  memcpya.o(.text)
    __aeabi_memcpy8                          0x08000169   Thumb Code     0  memcpya.o(.text)
    __aeabi_memset                           0x0800018d   Thumb Code    14  memseta.o(.text)
    __aeabi_memset4                          0x0800018d   Thumb Code     0  memseta.o(.text)
    __aeabi_memset8                          0x0800018d   Thumb Code     0  memseta.o(.text)
    __aeabi_memclr                           0x0800019b   Thumb Code     4  memseta.o(.text)
    __aeabi_memclr4                          0x0800019b   Thumb Code     0  memseta.o(.text)
    __aeabi_memclr8                          0x0800019b   Thumb Code     0  memseta.o(.text)
    _memset$wrapper                          0x0800019f   Thumb Code    18  memseta.o(.text)
    strstr                                   0x080001b1   Thumb Code    36  strstr.o(.text)
    strchr                                   0x080001d5   Thumb Code    20  strchr.o(.text)
    strlen                                   0x080001e9   Thumb Code    14  strlen.o(.text)
    strcmp                                   0x080001f7   Thumb Code    28  strcmp.o(.text)
    strncmp                                  0x08000213   Thumb Code    30  strncmp.o(.text)
    __0sscanf                                0x08000231   Thumb Code    48  __0sscanf.o(.text)
    _scanf_string                            0x08000269   Thumb Code   224  _scanf_str.o(.text)
    __aeabi_dadd                             0x08000349   Thumb Code   322  dadd.o(.text)
    __aeabi_dsub                             0x0800048b   Thumb Code     6  dadd.o(.text)
    __aeabi_drsub                            0x08000491   Thumb Code     6  dadd.o(.text)
    __aeabi_dmul                             0x08000497   Thumb Code   228  dmul.o(.text)
    __aeabi_i2d                              0x0800057b   Thumb Code    34  dflti.o(.text)
    __aeabi_d2iz                             0x0800059d   Thumb Code    62  dfixi.o(.text)
    __aeabi_cdrcmple                         0x080005dd   Thumb Code    48  cdrcmple.o(.text)
    __aeabi_uidiv                            0x0800060d   Thumb Code     0  uidiv.o(.text)
    __aeabi_uidivmod                         0x0800060d   Thumb Code    44  uidiv.o(.text)
    __aeabi_uldivmod                         0x08000639   Thumb Code    98  uldiv.o(.text)
    __aeabi_llsl                             0x0800069b   Thumb Code    30  llshl.o(.text)
    _ll_shift_l                              0x0800069b   Thumb Code     0  llshl.o(.text)
    __aeabi_llsr                             0x080006b9   Thumb Code    32  llushr.o(.text)
    _ll_ushift_r                             0x080006b9   Thumb Code     0  llushr.o(.text)
    __aeabi_lasr                             0x080006d9   Thumb Code    36  llsshr.o(.text)
    _ll_sshift_r                             0x080006d9   Thumb Code     0  llsshr.o(.text)
    __vfscanf_char                           0x08000709   Thumb Code    20  scanf_char.o(.text)
    _sgetc                                   0x08000725   Thumb Code    30  _sgetc.o(.text)
    _sbackspace                              0x08000743   Thumb Code    34  _sgetc.o(.text)
    __I$use$fp                               0x08000765   Thumb Code     0  iusefp.o(.text)
    _double_round                            0x08000765   Thumb Code    30  depilogue.o(.text)
    _double_epilogue                         0x08000783   Thumb Code   156  depilogue.o(.text)
    __aeabi_ddiv                             0x0800081f   Thumb Code   222  ddiv.o(.text)
    __ARM_scalbn                             0x080008fd   Thumb Code    46  dscalb.o(.text)
    scalbn                                   0x080008fd   Thumb Code     0  dscalb.o(.text)
    __aeabi_d2ulz                            0x0800092b   Thumb Code    48  dfixul.o(.text)
    __scatterload                            0x0800095d   Thumb Code    28  init.o(.text)
    __scatterload_rt2                        0x0800095d   Thumb Code     0  init.o(.text)
    isspace                                  0x08000981   Thumb Code    10  isspace_c.o(.text)
    __vfscanf                                0x0800098d   Thumb Code   808  _scanf.o(.text)
    _dsqrt                                   0x08000cb9   Thumb Code   162  dsqrt.o(.text)
    __ctype_lookup                           0x08000d5d   Thumb Code    34  ctype_c.o(.text)
    BusFault_Handler                         0x08000d85   Thumb Code     4  stm32f10x_it.o(i.BusFault_Handler)
    ClearEsp8266Buffer                       0x08000d89   Thumb Code    22  wifi_function.o(i.ClearEsp8266Buffer)
    DHT11_Check                              0x08000da5   Thumb Code    74  dht11.o(i.DHT11_Check)
    DHT11_IO_IN                              0x08000df5   Thumb Code    26  dht11.o(i.DHT11_IO_IN)
    DHT11_IO_OUT                             0x08000e15   Thumb Code    32  dht11.o(i.DHT11_IO_OUT)
    DHT11_Init                               0x08000e39   Thumb Code    58  dht11.o(i.DHT11_Init)
    DHT11_Read_Bit                           0x08000e79   Thumb Code    70  dht11.o(i.DHT11_Read_Bit)
    DHT11_Read_Byte                          0x08000ec5   Thumb Code    30  dht11.o(i.DHT11_Read_Byte)
    DHT11_Read_Data                          0x08000ee3   Thumb Code    88  dht11.o(i.DHT11_Read_Data)
    DHT11_Rst                                0x08000f3d   Thumb Code    34  dht11.o(i.DHT11_Rst)
    DebugMon_Handler                         0x08000f69   Thumb Code     2  stm32f10x_it.o(i.DebugMon_Handler)
    ESP8266_AT_Test                          0x08000f6d   Thumb Code    44  wifi_function.o(i.ESP8266_AT_Test)
    ESP8266_Choose                           0x08000fa5   Thumb Code    28  wifi_function.o(i.ESP8266_Choose)
    ESP8266_Cmd                              0x08000fc5   Thumb Code   152  wifi_function.o(i.ESP8266_Cmd)
    ESP8266_JoinAP                           0x08001071   Thumb Code    38  wifi_function.o(i.ESP8266_JoinAP)
    ESP8266_Link_MQTT                        0x080010b1   Thumb Code    58  wifi_function.o(i.ESP8266_Link_MQTT)
    ESP8266_MQTT_Public_key_Value            0x0800111d   Thumb Code    50  wifi_function.o(i.ESP8266_MQTT_Public_key_Value)
    ESP8266_Net_Mode_Choose                  0x0800118d   Thumb Code    68  wifi_function.o(i.ESP8266_Net_Mode_Choose)
    ESP8266_Rst                              0x08001205   Thumb Code    32  wifi_function.o(i.ESP8266_Rst)
    ESP8266_STA_TCP_Client_MQTT              0x08001229   Thumb Code   242  wifi_function.o(i.ESP8266_STA_TCP_Client_MQTT)
    ESP8266_Set_MQTT_Sub                     0x08001465   Thumb Code    54  wifi_function.o(i.ESP8266_Set_MQTT_Sub)
    ESP8266_Set_MQTT_User                    0x080014dd   Thumb Code    38  wifi_function.o(i.ESP8266_Set_MQTT_User)
    GPIO_Init                                0x08001551   Thumb Code   278  stm32f10x_gpio.o(i.GPIO_Init)
    GPIO_PinRemapConfig                      0x08001669   Thumb Code   138  stm32f10x_gpio.o(i.GPIO_PinRemapConfig)
    GPIO_ResetBits                           0x080016f9   Thumb Code     4  stm32f10x_gpio.o(i.GPIO_ResetBits)
    GPIO_SetBits                             0x080016fd   Thumb Code     4  stm32f10x_gpio.o(i.GPIO_SetBits)
    HandleMQTTMessage                        0x08001701   Thumb Code    38  main.o(i.HandleMQTTMessage)
    HardFault_Handler                        0x08001761   Thumb Code     4  stm32f10x_it.o(i.HardFault_Handler)
    LED_Init                                 0x08001765   Thumb Code    68  led.o(i.LED_Init)
    LED_OFF                                  0x080017b1   Thumb Code    20  led.o(i.LED_OFF)
    LED_ON                                   0x080017cd   Thumb Code    20  led.o(i.LED_ON)
    LedHandler                               0x080017e9   Thumb Code    58  main.o(i.LedHandler)
    MemManage_Handler                        0x0800186d   Thumb Code     4  stm32f10x_it.o(i.MemManage_Handler)
    MotorHandler                             0x08001871   Thumb Code    68  main.o(i.MotorHandler)
    NMI_Handler                              0x08001901   Thumb Code     2  stm32f10x_it.o(i.NMI_Handler)
    NVIC_Init                                0x08001905   Thumb Code   100  misc.o(i.NVIC_Init)
    NVIC_PriorityGroupConfig                 0x08001975   Thumb Code    10  misc.o(i.NVIC_PriorityGroupConfig)
    PendSV_Handler                           0x08001989   Thumb Code     2  stm32f10x_it.o(i.PendSV_Handler)
    ProcessWiFiData                          0x0800198d   Thumb Code   132  main.o(i.ProcessWiFiData)
    RCC_APB1PeriphClockCmd                   0x08001a39   Thumb Code    26  stm32f10x_rcc.o(i.RCC_APB1PeriphClockCmd)
    RCC_APB2PeriphClockCmd                   0x08001a59   Thumb Code    26  stm32f10x_rcc.o(i.RCC_APB2PeriphClockCmd)
    RCC_GetClocksFreq                        0x08001a79   Thumb Code   192  stm32f10x_rcc.o(i.RCC_GetClocksFreq)
    SVC_Handler                              0x08001b4d   Thumb Code     2  stm32f10x_it.o(i.SVC_Handler)
    SysTick_CLKSourceConfig                  0x08001c39   Thumb Code    40  misc.o(i.SysTick_CLKSourceConfig)
    SysTick_Handler                          0x08001c61   Thumb Code     2  stm32f10x_it.o(i.SysTick_Handler)
    SysTick_Init                             0x08001c65   Thumb Code    52  systick.o(i.SysTick_Init)
    SystemInit                               0x08001ca1   Thumb Code    78  system_stm32f10x.o(i.SystemInit)
    TIM3_CH2_PWM_Init                        0x08001d01   Thumb Code   146  pwm.o(i.TIM3_CH2_PWM_Init)
    TIM_ARRPreloadConfig                     0x08001da1   Thumb Code    24  stm32f10x_tim.o(i.TIM_ARRPreloadConfig)
    TIM_Cmd                                  0x08001db9   Thumb Code    24  stm32f10x_tim.o(i.TIM_Cmd)
    TIM_OC2Init                              0x08001dd1   Thumb Code   154  stm32f10x_tim.o(i.TIM_OC2Init)
    TIM_OC2PreloadConfig                     0x08001e75   Thumb Code    26  stm32f10x_tim.o(i.TIM_OC2PreloadConfig)
    TIM_SetCompare2                          0x08001e8f   Thumb Code     4  stm32f10x_tim.o(i.TIM_SetCompare2)
    TIM_TimeBaseInit                         0x08001e95   Thumb Code   122  stm32f10x_tim.o(i.TIM_TimeBaseInit)
    USART1_IRQHandler                        0x08001f39   Thumb Code   286  usart.o(i.USART1_IRQHandler)
    USART1_Init                              0x08002075   Thumb Code   166  usart.o(i.USART1_Init)
    USART3_IRQHandler                        0x08002125   Thumb Code   114  wifi_config.o(i.USART3_IRQHandler)
    USART3_printf                            0x080021a1   Thumb Code   262  wifi_config.o(i.USART3_printf)
    USART_ClearFlag                          0x080022a7   Thumb Code    18  stm32f10x_usart.o(i.USART_ClearFlag)
    USART_ClearITPendingBit                  0x080022b9   Thumb Code    30  stm32f10x_usart.o(i.USART_ClearITPendingBit)
    USART_Cmd                                0x080022d7   Thumb Code    24  stm32f10x_usart.o(i.USART_Cmd)
    USART_GetFlagStatus                      0x080022ef   Thumb Code    26  stm32f10x_usart.o(i.USART_GetFlagStatus)
    USART_GetITStatus                        0x08002309   Thumb Code    84  stm32f10x_usart.o(i.USART_GetITStatus)
    USART_ITConfig                           0x0800235d   Thumb Code    74  stm32f10x_usart.o(i.USART_ITConfig)
    USART_Init                               0x080023a9   Thumb Code   210  stm32f10x_usart.o(i.USART_Init)
    USART_ReceiveData                        0x08002481   Thumb Code    10  stm32f10x_usart.o(i.USART_ReceiveData)
    USART_SendData                           0x0800248b   Thumb Code     8  stm32f10x_usart.o(i.USART_SendData)
    UsageFault_Handler                       0x08002493   Thumb Code     4  stm32f10x_it.o(i.UsageFault_Handler)
    WiFi_Config                              0x08002499   Thumb Code   242  wifi_config.o(i.WiFi_Config)
    __0printf                                0x0800259d   Thumb Code    22  printfa.o(i.__0printf)
    __1printf                                0x0800259d   Thumb Code     0  printfa.o(i.__0printf)
    __2printf                                0x0800259d   Thumb Code     0  printfa.o(i.__0printf)
    __c89printf                              0x0800259d   Thumb Code     0  printfa.o(i.__0printf)
    printf                                   0x0800259d   Thumb Code     0  printfa.o(i.__0printf)
    __0sprintf                               0x080025bd   Thumb Code    34  printfa.o(i.__0sprintf)
    __1sprintf                               0x080025bd   Thumb Code     0  printfa.o(i.__0sprintf)
    __2sprintf                               0x080025bd   Thumb Code     0  printfa.o(i.__0sprintf)
    __c89sprintf                             0x080025bd   Thumb Code     0  printfa.o(i.__0sprintf)
    sprintf                                  0x080025bd   Thumb Code     0  printfa.o(i.__0sprintf)
    __ARM_fpclassify                         0x080025e5   Thumb Code    40  fpclassify.o(i.__ARM_fpclassify)
    __kernel_poly                            0x0800260d   Thumb Code   170  poly.o(i.__kernel_poly)
    __mathlib_dbl_divzero                    0x080026b9   Thumb Code    12  dunder.o(i.__mathlib_dbl_divzero)
    __mathlib_dbl_infnan2                    0x080026c9   Thumb Code     4  dunder.o(i.__mathlib_dbl_infnan2)
    __mathlib_dbl_invalid                    0x080026cd   Thumb Code    12  dunder.o(i.__mathlib_dbl_invalid)
    __mathlib_dbl_overflow                   0x080026d9   Thumb Code    14  dunder.o(i.__mathlib_dbl_overflow)
    __mathlib_dbl_underflow                  0x080026e9   Thumb Code    10  dunder.o(i.__mathlib_dbl_underflow)
    __scatterload_copy                       0x080026f9   Thumb Code    14  handlers.o(i.__scatterload_copy)
    __scatterload_null                       0x08002707   Thumb Code     2  handlers.o(i.__scatterload_null)
    __scatterload_zeroinit                   0x08002709   Thumb Code    14  handlers.o(i.__scatterload_zeroinit)
    __set_errno                              0x08002719   Thumb Code     6  errno.o(i.__set_errno)
    cJSON_Delete                             0x08002fe1   Thumb Code    82  cjson.o(i.cJSON_Delete)
    cJSON_GetErrorPtr                        0x08003039   Thumb Code     6  cjson.o(i.cJSON_GetErrorPtr)
    cJSON_Parse                              0x08003065   Thumb Code    16  cjson.o(i.cJSON_Parse)
    cJSON_ParseWithOpts                      0x08003075   Thumb Code    96  cjson.o(i.cJSON_ParseWithOpts)
    data_pros                                0x080030d9   Thumb Code   164  main.o(i.data_pros)
    delay_ms                                 0x0800324d   Thumb Code    56  systick.o(i.delay_ms)
    delay_nms                                0x08003285   Thumb Code    72  systick.o(i.delay_nms)
    delay_us                                 0x080032d1   Thumb Code    72  systick.o(i.delay_us)
    fputc                                    0x0800331d   Thumb Code    32  usart.o(i.fputc)
    free                                     0x08003341   Thumb Code    76  malloc.o(i.free)
    main                                     0x080033f5   Thumb Code   268  main.o(i.main)
    malloc                                   0x080036bd   Thumb Code    92  malloc.o(i.malloc)
    parse_json_message                       0x080038e9   Thumb Code   118  main.o(i.parse_json_message)
    pow                                      0x08003f05   Thumb Code  2512  pow.o(i.pow)
    sqrt                                     0x080048ef   Thumb Code    76  sqrt.o(i.sqrt)
    __mathlib_zero                           0x080049d0   Data           8  qnan.o(.constdata)
    __ctype_categories                       0x080049d8   Data          64  ctype_c.o(.constdata)
    Region$$Table$$Base                      0x08004a24   Number         0  anon$$obj.o(Region$$Table)
    Region$$Table$$Limit                     0x08004a44   Number         0  anon$$obj.o(Region$$Table)
    topic_id                                 0x20000000   Data          50  main.o(.data)
    topic_id2                                0x20000032   Data          50  main.o(.data)
    sub_topic_id                             0x20000064   Data          20  main.o(.data)
    read_data_flag                           0x20000078   Data           1  main.o(.data)
    device_handlers                          0x2000007c   Data          36  main.o(.data)
    USART1_RX_STA                            0x200000b8   Data           2  usart.o(.data)
    __stdout                                 0x200000c8   Data           4  stdout.o(.data)
    __microlib_freelist                      0x200000cc   Data           4  mvars.o(.data)
    __microlib_freelist_initialised          0x200000d0   Data           4  mvars.o(.data)
    wifi_rx_buffer                           0x200000d8   Data        1024  main.o(.bss)
    USART1_RX_BUF                            0x200004d8   Data         200  usart.o(.bss)
    strEsp8266_Fram_Record                   0x200005a0   Data        1026  wifi_config.o(.bss)
    __heap_base                              0x200009a8   Data           0  startup_stm32f10x_hd.o(HEAP)
    __heap_limit                             0x20000ba8   Data           0  startup_stm32f10x_hd.o(HEAP)
    __initial_sp                             0x20000fa8   Data           0  startup_stm32f10x_hd.o(STACK)



==============================================================================

Memory Map of the image

  Image Entry point : 0x08000131

  Load Region LR_IROM1 (Base: 0x08000000, Size: 0x00004b1c, Max: 0x00080000, ABSOLUTE)

    Execution Region ER_IROM1 (Exec base: 0x08000000, Load base: 0x08000000, Size: 0x00004a44, Max: 0x00080000, ABSOLUTE)

    Exec Addr    Load Addr    Size         Type   Attr      Idx    E Section Name        Object

    0x08000000   0x08000000   0x00000130   Data   RO          265    RESET               startup_stm32f10x_hd.o
    0x08000130   0x08000130   0x00000000   Code   RO         3569  * .ARM.Collect$$$$00000000  mc_w.l(entry.o)
    0x08000130   0x08000130   0x00000004   Code   RO         3938    .ARM.Collect$$$$00000001  mc_w.l(entry2.o)
    0x08000134   0x08000134   0x00000004   Code   RO         3941    .ARM.Collect$$$$00000004  mc_w.l(entry5.o)
    0x08000138   0x08000138   0x00000000   Code   RO         3943    .ARM.Collect$$$$00000008  mc_w.l(entry7b.o)
    0x08000138   0x08000138   0x00000000   Code   RO         3945    .ARM.Collect$$$$0000000A  mc_w.l(entry8b.o)
    0x08000138   0x08000138   0x00000008   Code   RO         3946    .ARM.Collect$$$$0000000B  mc_w.l(entry9a.o)
    0x08000140   0x08000140   0x00000000   Code   RO         3948    .ARM.Collect$$$$0000000D  mc_w.l(entry10a.o)
    0x08000140   0x08000140   0x00000000   Code   RO         3950    .ARM.Collect$$$$0000000F  mc_w.l(entry11a.o)
    0x08000140   0x08000140   0x00000004   Code   RO         3939    .ARM.Collect$$$$00002712  mc_w.l(entry2.o)
    0x08000144   0x08000144   0x00000024   Code   RO          266    .text               startup_stm32f10x_hd.o
    0x08000168   0x08000168   0x00000024   Code   RO         3574    .text               mc_w.l(memcpya.o)
    0x0800018c   0x0800018c   0x00000024   Code   RO         3576    .text               mc_w.l(memseta.o)
    0x080001b0   0x080001b0   0x00000024   Code   RO         3578    .text               mc_w.l(strstr.o)
    0x080001d4   0x080001d4   0x00000014   Code   RO         3580    .text               mc_w.l(strchr.o)
    0x080001e8   0x080001e8   0x0000000e   Code   RO         3582    .text               mc_w.l(strlen.o)
    0x080001f6   0x080001f6   0x0000001c   Code   RO         3584    .text               mc_w.l(strcmp.o)
    0x08000212   0x08000212   0x0000001e   Code   RO         3588    .text               mc_w.l(strncmp.o)
    0x08000230   0x08000230   0x00000038   Code   RO         3889    .text               mc_w.l(__0sscanf.o)
    0x08000268   0x08000268   0x000000e0   Code   RO         3891    .text               mc_w.l(_scanf_str.o)
    0x08000348   0x08000348   0x0000014e   Code   RO         3893    .text               mf_w.l(dadd.o)
    0x08000496   0x08000496   0x000000e4   Code   RO         3895    .text               mf_w.l(dmul.o)
    0x0800057a   0x0800057a   0x00000022   Code   RO         3897    .text               mf_w.l(dflti.o)
    0x0800059c   0x0800059c   0x0000003e   Code   RO         3901    .text               mf_w.l(dfixi.o)
    0x080005da   0x080005da   0x00000002   PAD
    0x080005dc   0x080005dc   0x00000030   Code   RO         3909    .text               mf_w.l(cdrcmple.o)
    0x0800060c   0x0800060c   0x0000002c   Code   RO         3954    .text               mc_w.l(uidiv.o)
    0x08000638   0x08000638   0x00000062   Code   RO         3956    .text               mc_w.l(uldiv.o)
    0x0800069a   0x0800069a   0x0000001e   Code   RO         3958    .text               mc_w.l(llshl.o)
    0x080006b8   0x080006b8   0x00000020   Code   RO         3960    .text               mc_w.l(llushr.o)
    0x080006d8   0x080006d8   0x00000024   Code   RO         3962    .text               mc_w.l(llsshr.o)
    0x080006fc   0x080006fc   0x00000028   Code   RO         3973    .text               mc_w.l(scanf_char.o)
    0x08000724   0x08000724   0x00000040   Code   RO         3975    .text               mc_w.l(_sgetc.o)
    0x08000764   0x08000764   0x00000000   Code   RO         3979    .text               mc_w.l(iusefp.o)
    0x08000764   0x08000764   0x000000ba   Code   RO         3980    .text               mf_w.l(depilogue.o)
    0x0800081e   0x0800081e   0x000000de   Code   RO         3982    .text               mf_w.l(ddiv.o)
    0x080008fc   0x080008fc   0x0000002e   Code   RO         3984    .text               mf_w.l(dscalb.o)
    0x0800092a   0x0800092a   0x00000030   Code   RO         3986    .text               mf_w.l(dfixul.o)
    0x0800095a   0x0800095a   0x00000002   PAD
    0x0800095c   0x0800095c   0x00000024   Code   RO         3988    .text               mc_w.l(init.o)
    0x08000980   0x08000980   0x0000000a   Code   RO         3993    .text               mc_w.l(isspace_c.o)
    0x0800098a   0x0800098a   0x00000002   PAD
    0x0800098c   0x0800098c   0x0000032c   Code   RO         3995    .text               mc_w.l(_scanf.o)
    0x08000cb8   0x08000cb8   0x000000a2   Code   RO         3997    .text               mf_w.l(dsqrt.o)
    0x08000d5a   0x08000d5a   0x00000002   PAD
    0x08000d5c   0x08000d5c   0x00000028   Code   RO         4000    .text               mc_w.l(ctype_c.o)
    0x08000d84   0x08000d84   0x00000004   Code   RO          178    i.BusFault_Handler  stm32f10x_it.o
    0x08000d88   0x08000d88   0x0000001c   Code   RO         3012    i.ClearEsp8266Buffer  wifi_function.o
    0x08000da4   0x08000da4   0x00000050   Code   RO         2601    i.DHT11_Check       dht11.o
    0x08000df4   0x08000df4   0x00000020   Code   RO         2602    i.DHT11_IO_IN       dht11.o
    0x08000e14   0x08000e14   0x00000024   Code   RO         2603    i.DHT11_IO_OUT      dht11.o
    0x08000e38   0x08000e38   0x00000040   Code   RO         2604    i.DHT11_Init        dht11.o
    0x08000e78   0x08000e78   0x0000004c   Code   RO         2605    i.DHT11_Read_Bit    dht11.o
    0x08000ec4   0x08000ec4   0x0000001e   Code   RO         2606    i.DHT11_Read_Byte   dht11.o
    0x08000ee2   0x08000ee2   0x00000058   Code   RO         2607    i.DHT11_Read_Data   dht11.o
    0x08000f3a   0x08000f3a   0x00000002   PAD
    0x08000f3c   0x08000f3c   0x0000002c   Code   RO         2608    i.DHT11_Rst         dht11.o
    0x08000f68   0x08000f68   0x00000002   Code   RO          179    i.DebugMon_Handler  stm32f10x_it.o
    0x08000f6a   0x08000f6a   0x00000002   PAD
    0x08000f6c   0x08000f6c   0x00000038   Code   RO         3014    i.ESP8266_AT_Test   wifi_function.o
    0x08000fa4   0x08000fa4   0x00000020   Code   RO         3016    i.ESP8266_Choose    wifi_function.o
    0x08000fc4   0x08000fc4   0x000000ac   Code   RO         3017    i.ESP8266_Cmd       wifi_function.o
    0x08001070   0x08001070   0x00000040   Code   RO         3020    i.ESP8266_JoinAP    wifi_function.o
    0x080010b0   0x080010b0   0x0000006c   Code   RO         3021    i.ESP8266_Link_MQTT  wifi_function.o
    0x0800111c   0x0800111c   0x00000070   Code   RO         3023    i.ESP8266_MQTT_Public_key_Value  wifi_function.o
    0x0800118c   0x0800118c   0x00000078   Code   RO         3024    i.ESP8266_Net_Mode_Choose  wifi_function.o
    0x08001204   0x08001204   0x00000024   Code   RO         3027    i.ESP8266_Rst       wifi_function.o
    0x08001228   0x08001228   0x0000023c   Code   RO         3029    i.ESP8266_STA_TCP_Client_MQTT  wifi_function.o
    0x08001464   0x08001464   0x00000078   Code   RO         3034    i.ESP8266_Set_MQTT_Sub  wifi_function.o
    0x080014dc   0x080014dc   0x00000074   Code   RO         3035    i.ESP8266_Set_MQTT_User  wifi_function.o
    0x08001550   0x08001550   0x00000116   Code   RO          277    i.GPIO_Init         stm32f10x_gpio.o
    0x08001666   0x08001666   0x00000002   PAD
    0x08001668   0x08001668   0x00000090   Code   RO          279    i.GPIO_PinRemapConfig  stm32f10x_gpio.o
    0x080016f8   0x080016f8   0x00000004   Code   RO          284    i.GPIO_ResetBits    stm32f10x_gpio.o
    0x080016fc   0x080016fc   0x00000004   Code   RO          285    i.GPIO_SetBits      stm32f10x_gpio.o
    0x08001700   0x08001700   0x00000060   Code   RO            1    i.HandleMQTTMessage  main.o
    0x08001760   0x08001760   0x00000004   Code   RO          180    i.HardFault_Handler  stm32f10x_it.o
    0x08001764   0x08001764   0x0000004c   Code   RO         2564    i.LED_Init          led.o
    0x080017b0   0x080017b0   0x0000001c   Code   RO         2565    i.LED_OFF           led.o
    0x080017cc   0x080017cc   0x0000001c   Code   RO         2566    i.LED_ON            led.o
    0x080017e8   0x080017e8   0x00000084   Code   RO            2    i.LedHandler        main.o
    0x0800186c   0x0800186c   0x00000004   Code   RO          181    i.MemManage_Handler  stm32f10x_it.o
    0x08001870   0x08001870   0x00000090   Code   RO            3    i.MotorHandler      main.o
    0x08001900   0x08001900   0x00000002   Code   RO          182    i.NMI_Handler       stm32f10x_it.o
    0x08001902   0x08001902   0x00000002   PAD
    0x08001904   0x08001904   0x00000070   Code   RO          585    i.NVIC_Init         misc.o
    0x08001974   0x08001974   0x00000014   Code   RO          586    i.NVIC_PriorityGroupConfig  misc.o
    0x08001988   0x08001988   0x00000002   Code   RO          183    i.PendSV_Handler    stm32f10x_it.o
    0x0800198a   0x0800198a   0x00000002   PAD
    0x0800198c   0x0800198c   0x000000ac   Code   RO            4    i.ProcessWiFiData   main.o
    0x08001a38   0x08001a38   0x00000020   Code   RO          387    i.RCC_APB1PeriphClockCmd  stm32f10x_rcc.o
    0x08001a58   0x08001a58   0x00000020   Code   RO          389    i.RCC_APB2PeriphClockCmd  stm32f10x_rcc.o
    0x08001a78   0x08001a78   0x000000d4   Code   RO          397    i.RCC_GetClocksFreq  stm32f10x_rcc.o
    0x08001b4c   0x08001b4c   0x00000002   Code   RO          184    i.SVC_Handler       stm32f10x_it.o
    0x08001b4e   0x08001b4e   0x00000008   Code   RO         2518    i.SetSysClock       system_stm32f10x.o
    0x08001b56   0x08001b56   0x00000002   PAD
    0x08001b58   0x08001b58   0x000000e0   Code   RO         2519    i.SetSysClockTo72   system_stm32f10x.o
    0x08001c38   0x08001c38   0x00000028   Code   RO          589    i.SysTick_CLKSourceConfig  misc.o
    0x08001c60   0x08001c60   0x00000002   Code   RO          185    i.SysTick_Handler   stm32f10x_it.o
    0x08001c62   0x08001c62   0x00000002   PAD
    0x08001c64   0x08001c64   0x0000003c   Code   RO         2897    i.SysTick_Init      systick.o
    0x08001ca0   0x08001ca0   0x00000060   Code   RO         2521    i.SystemInit        system_stm32f10x.o
    0x08001d00   0x08001d00   0x000000a0   Code   RO         2861    i.TIM3_CH2_PWM_Init  pwm.o
    0x08001da0   0x08001da0   0x00000018   Code   RO          679    i.TIM_ARRPreloadConfig  stm32f10x_tim.o
    0x08001db8   0x08001db8   0x00000018   Code   RO          691    i.TIM_Cmd           stm32f10x_tim.o
    0x08001dd0   0x08001dd0   0x000000a4   Code   RO          725    i.TIM_OC2Init       stm32f10x_tim.o
    0x08001e74   0x08001e74   0x0000001a   Code   RO          728    i.TIM_OC2PreloadConfig  stm32f10x_tim.o
    0x08001e8e   0x08001e8e   0x00000004   Code   RO          753    i.TIM_SetCompare2   stm32f10x_tim.o
    0x08001e92   0x08001e92   0x00000002   PAD
    0x08001e94   0x08001e94   0x000000a4   Code   RO          762    i.TIM_TimeBaseInit  stm32f10x_tim.o
    0x08001f38   0x08001f38   0x0000013c   Code   RO         2932    i.USART1_IRQHandler  usart.o
    0x08002074   0x08002074   0x000000b0   Code   RO         2933    i.USART1_Init       usart.o
    0x08002124   0x08002124   0x0000007c   Code   RO         2969    i.USART3_IRQHandler  wifi_config.o
    0x080021a0   0x080021a0   0x00000106   Code   RO         2970    i.USART3_printf     wifi_config.o
    0x080022a6   0x080022a6   0x00000012   Code   RO         1223    i.USART_ClearFlag   stm32f10x_usart.o
    0x080022b8   0x080022b8   0x0000001e   Code   RO         1224    i.USART_ClearITPendingBit  stm32f10x_usart.o
    0x080022d6   0x080022d6   0x00000018   Code   RO         1227    i.USART_Cmd         stm32f10x_usart.o
    0x080022ee   0x080022ee   0x0000001a   Code   RO         1230    i.USART_GetFlagStatus  stm32f10x_usart.o
    0x08002308   0x08002308   0x00000054   Code   RO         1231    i.USART_GetITStatus  stm32f10x_usart.o
    0x0800235c   0x0800235c   0x0000004a   Code   RO         1233    i.USART_ITConfig    stm32f10x_usart.o
    0x080023a6   0x080023a6   0x00000002   PAD
    0x080023a8   0x080023a8   0x000000d8   Code   RO         1234    i.USART_Init        stm32f10x_usart.o
    0x08002480   0x08002480   0x0000000a   Code   RO         1241    i.USART_ReceiveData  stm32f10x_usart.o
    0x0800248a   0x0800248a   0x00000008   Code   RO         1244    i.USART_SendData    stm32f10x_usart.o
    0x08002492   0x08002492   0x00000004   Code   RO          186    i.UsageFault_Handler  stm32f10x_it.o
    0x08002496   0x08002496   0x00000002   PAD
    0x08002498   0x08002498   0x00000104   Code   RO         2971    i.WiFi_Config       wifi_config.o
    0x0800259c   0x0800259c   0x00000020   Code   RO         3831    i.__0printf         mc_w.l(printfa.o)
    0x080025bc   0x080025bc   0x00000028   Code   RO         3833    i.__0sprintf        mc_w.l(printfa.o)
    0x080025e4   0x080025e4   0x00000028   Code   RO         3925    i.__ARM_fpclassify  m_ws.l(fpclassify.o)
    0x0800260c   0x0800260c   0x000000aa   Code   RO         3927    i.__kernel_poly     m_ws.l(poly.o)
    0x080026b6   0x080026b6   0x00000002   PAD
    0x080026b8   0x080026b8   0x00000010   Code   RO         3911    i.__mathlib_dbl_divzero  m_ws.l(dunder.o)
    0x080026c8   0x080026c8   0x00000004   Code   RO         3913    i.__mathlib_dbl_infnan2  m_ws.l(dunder.o)
    0x080026cc   0x080026cc   0x0000000c   Code   RO         3914    i.__mathlib_dbl_invalid  m_ws.l(dunder.o)
    0x080026d8   0x080026d8   0x0000000e   Code   RO         3915    i.__mathlib_dbl_overflow  m_ws.l(dunder.o)
    0x080026e6   0x080026e6   0x00000002   PAD
    0x080026e8   0x080026e8   0x00000010   Code   RO         3917    i.__mathlib_dbl_underflow  m_ws.l(dunder.o)
    0x080026f8   0x080026f8   0x0000000e   Code   RO         4006    i.__scatterload_copy  mc_w.l(handlers.o)
    0x08002706   0x08002706   0x00000002   Code   RO         4007    i.__scatterload_null  mc_w.l(handlers.o)
    0x08002708   0x08002708   0x0000000e   Code   RO         4008    i.__scatterload_zeroinit  mc_w.l(handlers.o)
    0x08002716   0x08002716   0x00000002   PAD
    0x08002718   0x08002718   0x0000000c   Code   RO         3968    i.__set_errno       mc_w.l(errno.o)
    0x08002724   0x08002724   0x00000184   Code   RO         3838    i._fp_digits        mc_w.l(printfa.o)
    0x080028a8   0x080028a8   0x000006dc   Code   RO         3839    i._printf_core      mc_w.l(printfa.o)
    0x08002f84   0x08002f84   0x00000024   Code   RO         3840    i._printf_post_padding  mc_w.l(printfa.o)
    0x08002fa8   0x08002fa8   0x0000002e   Code   RO         3841    i._printf_pre_padding  mc_w.l(printfa.o)
    0x08002fd6   0x08002fd6   0x0000000a   Code   RO         3843    i._sputc            mc_w.l(printfa.o)
    0x08002fe0   0x08002fe0   0x00000058   Code   RO         3216    i.cJSON_Delete      cjson.o
    0x08003038   0x08003038   0x0000000c   Code   RO         3224    i.cJSON_GetErrorPtr  cjson.o
    0x08003044   0x08003044   0x00000020   Code   RO         3229    i.cJSON_New_Item    cjson.o
    0x08003064   0x08003064   0x00000010   Code   RO         3230    i.cJSON_Parse       cjson.o
    0x08003074   0x08003074   0x00000064   Code   RO         3231    i.cJSON_ParseWithOpts  cjson.o
    0x080030d8   0x080030d8   0x00000174   Code   RO            5    i.data_pros         main.o
    0x0800324c   0x0800324c   0x00000038   Code   RO         2898    i.delay_ms          systick.o
    0x08003284   0x08003284   0x0000004c   Code   RO         2899    i.delay_nms         systick.o
    0x080032d0   0x080032d0   0x0000004c   Code   RO         2900    i.delay_us          systick.o
    0x0800331c   0x0800331c   0x00000024   Code   RO         2935    i.fputc             usart.o
    0x08003340   0x08003340   0x00000050   Code   RO         3859    i.free              mc_w.l(malloc.o)
    0x08003390   0x08003390   0x00000062   Code   RO         2972    i.itoa              wifi_config.o
    0x080033f2   0x080033f2   0x00000002   PAD
    0x080033f4   0x080033f4   0x000002c8   Code   RO            6    i.main              main.o
    0x080036bc   0x080036bc   0x0000006c   Code   RO         3860    i.malloc            mc_w.l(malloc.o)
    0x08003728   0x08003728   0x000000ac   Code   RO         3241    i.parse_array       cjson.o
    0x080037d4   0x080037d4   0x00000114   Code   RO         3242    i.parse_hex4        cjson.o
    0x080038e8   0x080038e8   0x000000c4   Code   RO            7    i.parse_json_message  main.o
    0x080039ac   0x080039ac   0x000001bc   Code   RO         3243    i.parse_number      cjson.o
    0x08003b68   0x08003b68   0x00000114   Code   RO         3244    i.parse_object      cjson.o
    0x08003c7c   0x08003c7c   0x000001cc   Code   RO         3245    i.parse_string      cjson.o
    0x08003e48   0x08003e48   0x000000bc   Code   RO         3246    i.parse_value       cjson.o
    0x08003f04   0x08003f04   0x000009d8   Code   RO         3560    i.pow               m_ws.l(pow.o)
    0x080048dc   0x080048dc   0x00000012   Code   RO         3254    i.skip              cjson.o
    0x080048ee   0x080048ee   0x0000004c   Code   RO         3931    i.sqrt              m_ws.l(sqrt.o)
    0x0800493a   0x0800493a   0x00000007   Data   RO         3257    .constdata          cjson.o
    0x08004941   0x08004941   0x00000007   PAD
    0x08004948   0x08004948   0x00000088   Data   RO         3561    .constdata          m_ws.l(pow.o)
    0x080049d0   0x080049d0   0x00000008   Data   RO         3929    .constdata          m_ws.l(qnan.o)
    0x080049d8   0x080049d8   0x00000040   Data   RO         4001    .constdata          mc_w.l(ctype_c.o)
    0x08004a18   0x08004a18   0x0000000a   Data   RO            9    .conststring        main.o
    0x08004a22   0x08004a22   0x00000002   PAD
    0x08004a24   0x08004a24   0x00000020   Data   RO         4004    Region$$Table       anon$$obj.o


    Execution Region RW_IRAM1 (Exec base: 0x20000000, Load base: 0x08004a44, Size: 0x00000fa8, Max: 0x00010000, ABSOLUTE)

    Exec Addr    Load Addr    Size         Type   Attr      Idx    E Section Name        Object

    0x20000000   0x08004a44   0x000000a0   Data   RW           10    .data               main.o
    0x200000a0   0x08004ae4   0x00000014   Data   RW          417    .data               stm32f10x_rcc.o
    0x200000b4   0x08004af8   0x00000004   Data   RW         2901    .data               systick.o
    0x200000b8   0x08004afc   0x00000002   Data   RW         2937    .data               usart.o
    0x200000ba   0x08004afe   0x00000002   PAD
    0x200000bc   0x08004b00   0x0000000c   Data   RW         3258    .data               cjson.o
    0x200000c8   0x08004b0c   0x00000004   Data   RW         3953    .data               mc_w.l(stdout.o)
    0x200000cc   0x08004b10   0x00000004   Data   RW         3964    .data               mc_w.l(mvars.o)
    0x200000d0   0x08004b14   0x00000004   Data   RW         3965    .data               mc_w.l(mvars.o)
    0x200000d4   0x08004b18   0x00000004   Data   RW         3969    .data               mc_w.l(errno.o)
    0x200000d8        -       0x00000400   Zero   RW            8    .bss                main.o
    0x200004d8        -       0x000000c8   Zero   RW         2936    .bss                usart.o
    0x200005a0        -       0x00000402   Zero   RW         2973    .bss                wifi_config.o
    0x200009a2   0x08004b1c   0x00000006   PAD
    0x200009a8        -       0x00000200   Zero   RW          264    HEAP                startup_stm32f10x_hd.o
    0x20000ba8        -       0x00000400   Zero   RW          263    STACK               startup_stm32f10x_hd.o


==============================================================================

Image component sizes


      Code (inc. data)   RO Data    RW Data    ZI Data      Debug   Object Name

      2082         88          7         12          0      10943   cjson.o
       450         38          0          0          0       4517   dht11.o
       132         24          0          0          0       1298   led.o
      1824        978         10        160       1024     261258   main.o
       172         22          0          0          0       2173   misc.o
       160         14          0          0          0        720   pwm.o
        36          8        304          0       1536        828   startup_stm32f10x_hd.o
       430          6          0          0          0       3998   stm32f10x_gpio.o
        26          0          0          0          0       3686   stm32f10x_it.o
       276         32          0         20          0       4562   stm32f10x_rcc.o
       406         52          0          0          0       4327   stm32f10x_tim.o
       490          6          0          0          0       7613   stm32f10x_usart.o
       328         28          0          0          0       1881   system_stm32f10x.o
       268         16          0          4          0       2245   systick.o
       528         44          0          2        200       2680   usart.o
       744         28          0          0       1026       4975   wifi_config.o
      1536        710          0          0          0       9423   wifi_function.o

    ----------------------------------------------------------------------
      9910       2094        362        200       3792     327127   Object Totals
         0          0         32          0          0          0   (incl. Generated)
        22          0          9          2          6          0   (incl. Padding)

    ----------------------------------------------------------------------

      Code (inc. data)   RO Data    RW Data    ZI Data      Debug   Library Member Name

        62         10          0          0          0        340   dunder.o
        40          0          0          0          0         68   fpclassify.o
       170          0          0          0          0         96   poly.o
      2520        190        136          0          0        324   pow.o
         0          0          8          0          0          0   qnan.o
        76          0          0          0          0         84   sqrt.o
        56          8          0          0          0         84   __0sscanf.o
       812          4          0          0          0        112   _scanf.o
       224          0          0          0          0         96   _scanf_str.o
        64          0          0          0          0         84   _sgetc.o
        40          6         64          0          0         68   ctype_c.o
         0          0          0          0          0          0   entry.o
         0          0          0          0          0          0   entry10a.o
         0          0          0          0          0          0   entry11a.o
         8          4          0          0          0          0   entry2.o
         4          0          0          0          0          0   entry5.o
         0          0          0          0          0          0   entry7b.o
         0          0          0          0          0          0   entry8b.o
         8          4          0          0          0          0   entry9a.o
        12          6          0          4          0         68   errno.o
        30          0          0          0          0          0   handlers.o
        36          8          0          0          0         68   init.o
        10          0          0          0          0         68   isspace_c.o
         0          0          0          0          0          0   iusefp.o
        30          0          0          0          0         68   llshl.o
        36          0          0          0          0         68   llsshr.o
        32          0          0          0          0         68   llushr.o
       188         20          0          0          0        160   malloc.o
        36          0          0          0          0         68   memcpya.o
        36          0          0          0          0        108   memseta.o
         0          0          0          8          0          0   mvars.o
      2308         96          0          0          0        604   printfa.o
        40          8          0          0          0         84   scanf_char.o
         0          0          0          4          0          0   stdout.o
        20          0          0          0          0         68   strchr.o
        28          0          0          0          0         76   strcmp.o
        14          0          0          0          0         68   strlen.o
        30          0          0          0          0         80   strncmp.o
        36          0          0          0          0         80   strstr.o
        44          0          0          0          0         80   uidiv.o
        98          0          0          0          0         92   uldiv.o
        48          0          0          0          0         68   cdrcmple.o
       334          0          0          0          0        148   dadd.o
       222          0          0          0          0        100   ddiv.o
       186          0          0          0          0        176   depilogue.o
        62          0          0          0          0         80   dfixi.o
        48          0          0          0          0         68   dfixul.o
        34          0          0          0          0         76   dflti.o
       228          0          0          0          0         96   dmul.o
        46          0          0          0          0         80   dscalb.o
       162          0          0          0          0        100   dsqrt.o

    ----------------------------------------------------------------------
      8532        364        208         16          0       4324   Library Totals
        14          0          0          0          0          0   (incl. Padding)

    ----------------------------------------------------------------------

      Code (inc. data)   RO Data    RW Data    ZI Data      Debug   Library Name

      2868        200        144          0          0        912   m_ws.l
      4280        164         64         16          0       2420   mc_w.l
      1370          0          0          0          0        992   mf_w.l

    ----------------------------------------------------------------------
      8532        364        208         16          0       4324   Library Totals

    ----------------------------------------------------------------------

==============================================================================


      Code (inc. data)   RO Data    RW Data    ZI Data      Debug   

     18442       2458        570        216       3792     324739   Grand Totals
     18442       2458        570        216       3792     324739   ELF Image Totals
     18442       2458        570        216          0          0   ROM Totals

==============================================================================

    Total RO  Size (Code + RO Data)                19012 (  18.57kB)
    Total RW  Size (RW Data + ZI Data)              4008 (   3.91kB)
    Total ROM Size (Code + RO Data + RW Data)      19228 (  18.78kB)

==============================================================================

